Component: ARM Compiler 5.06 update 3 (build 300) Tool: armlink [4d35c9]

==============================================================================

Section Cross References

    startup_stm32f767xx.o(RESET) refers to startup_stm32f767xx.o(STACK) for __initial_sp
    startup_stm32f767xx.o(RESET) refers to startup_stm32f767xx.o(.text) for Reset_Handler
    startup_stm32f767xx.o(RESET) refers to stm32f7xx_it.o(i.NMI_Handler) for NMI_Handler
    startup_stm32f767xx.o(RESET) refers to stm32f7xx_it.o(i.HardFault_Handler) for HardFault_Handler
    startup_stm32f767xx.o(RESET) refers to stm32f7xx_it.o(i.MemManage_Handler) for MemManage_Handler
    startup_stm32f767xx.o(RESET) refers to stm32f7xx_it.o(i.BusFault_Handler) for BusFault_Handler
    startup_stm32f767xx.o(RESET) refers to stm32f7xx_it.o(i.UsageFault_Handler) for UsageFault_Handler
    startup_stm32f767xx.o(RESET) refers to stm32f7xx_it.o(i.SVC_Handler) for SVC_Handler
    startup_stm32f767xx.o(RESET) refers to stm32f7xx_it.o(i.DebugMon_Handler) for DebugMon_Handler
    startup_stm32f767xx.o(RESET) refers to stm32f7xx_it.o(i.PendSV_Handler) for PendSV_Handler
    startup_stm32f767xx.o(RESET) refers to stm32f7xx_it.o(i.SysTick_Handler) for SysTick_Handler
    startup_stm32f767xx.o(RESET) refers to stm32f7xx_it.o(i.DMA1_Stream5_IRQHandler) for DMA1_Stream5_IRQHandler
    startup_stm32f767xx.o(RESET) refers to stm32f7xx_it.o(i.DMA1_Stream6_IRQHandler) for DMA1_Stream6_IRQHandler
    startup_stm32f767xx.o(RESET) refers to stm32f7xx_it.o(i.USART1_IRQHandler) for USART1_IRQHandler
    startup_stm32f767xx.o(RESET) refers to stm32f7xx_it.o(i.USART2_IRQHandler) for USART2_IRQHandler
    startup_stm32f767xx.o(RESET) refers to stm32f7xx_it.o(i.EXTI15_10_IRQHandler) for EXTI15_10_IRQHandler
    startup_stm32f767xx.o(RESET) refers to stm32f7xx_it.o(i.UART4_IRQHandler) for UART4_IRQHandler
    startup_stm32f767xx.o(RESET) refers to stm32f7xx_it.o(i.UART5_IRQHandler) for UART5_IRQHandler
    startup_stm32f767xx.o(.text) refers to system_stm32f7xx.o(i.SystemInit) for SystemInit
    startup_stm32f767xx.o(.text) refers to entry.o(.ARM.Collect$$$$00000000) for __main
    main.o(i.Test_Fuction) refers to ftl.o(i.FTL_WriteSectors) for FTL_WriteSectors
    main.o(i.Test_Fuction) refers to ftl.o(i.FTL_ReadSectors) for FTL_ReadSectors
    main.o(i.Test_Fuction) refers to dynamixelmotor.o(i.DXL_SendData) for DXL_SendData
    main.o(i.Test_Fuction) refers to usb2uart.o(i.USB2UART_SendData) for USB2UART_SendData
    main.o(i.Test_Fuction) refers to debug_uart5.o(i.UART5_SendData) for UART5_SendData
    main.o(i.Test_Fuction) refers to main.o(.data) for buf
    main.o(i.Test_Fuction) refers to main.o(.bss) for buf2
    main.o(i.Test_Fuction) refers to stm32f7xx_it.o(.data) for UART1RxEndFlag
    main.o(i.Test_Fuction) refers to dynamixelmotor.o(.ARM.__AT_0xC0000500) for DXL_aRxBuffer
    main.o(i.Test_Fuction) refers to usb2uart.o(.ARM.__AT_0xC0000700) for USB2UART_aRxBuffer0
    main.o(i.Test_Fuction) refers to debug_uart5.o(.bss) for aRxBuffer
    main.o(i.main) refers to config.o(i.Sys_Init) for Sys_Init
    main.o(i.main) refers to iwdg.o(i.IWDG_Feed) for IWDG_Feed
    main.o(i.main) refers to mcu.o(i.Battery_Protect) for Battery_Protect
    main.o(i.main) refers to mcu.o(i.Fan_Monitor) for Fan_Monitor
    main.o(i.main) refers to main.o(i.Test_Fuction) for Test_Fuction
    stm32f7xx_it.o(i.DMA1_Stream5_IRQHandler) refers to mti_630.o(.bss) for hdma_usart2_rx
    stm32f7xx_it.o(i.DMA1_Stream5_IRQHandler) refers to mti_630.o(.ARM.__AT_0xC0000000) for MTi_630_aRxBuffer0
    stm32f7xx_it.o(i.DMA1_Stream5_IRQHandler) refers to mti_630.o(.data) for MTi_630_aRxBuffer
    stm32f7xx_it.o(i.DMA1_Stream5_IRQHandler) refers to mti_630.o(.ARM.__AT_0xC0000100) for MTi_630_aRxBuffer1
    stm32f7xx_it.o(i.DMA1_Stream6_IRQHandler) refers to stm32f7xx_hal_dma.o(i.HAL_DMA_IRQHandler) for HAL_DMA_IRQHandler
    stm32f7xx_it.o(i.DMA1_Stream6_IRQHandler) refers to mti_630.o(.bss) for hdma_usart2_tx
    stm32f7xx_it.o(i.EXTI15_10_IRQHandler) refers to stm32f7xx_hal_gpio.o(i.HAL_GPIO_EXTI_IRQHandler) for HAL_GPIO_EXTI_IRQHandler
    stm32f7xx_it.o(i.NMI_Handler) refers to stm32f7xx_hal_rcc.o(i.HAL_RCC_NMI_IRQHandler) for HAL_RCC_NMI_IRQHandler
    stm32f7xx_it.o(i.SysTick_Handler) refers to stm32f7xx_hal.o(i.HAL_IncTick) for HAL_IncTick
    stm32f7xx_it.o(i.UART4_IRQHandler) refers to usb2uart.o(.bss) for huart4
    stm32f7xx_it.o(i.UART4_IRQHandler) refers to stm32f7xx_it.o(.data) for UART4RxLen
    stm32f7xx_it.o(i.UART5_IRQHandler) refers to debug_uart5.o(.bss) for huart5
    stm32f7xx_it.o(i.UART5_IRQHandler) refers to stm32f7xx_it.o(.data) for UART5RxLen
    stm32f7xx_it.o(i.USART1_IRQHandler) refers to dynamixelmotor.o(.bss) for huart1
    stm32f7xx_it.o(i.USART1_IRQHandler) refers to stm32f7xx_it.o(.data) for UART1RxLen
    stm32f7xx_it.o(i.USART2_IRQHandler) refers to usb2uart.o(i.USB2UART_SendData) for USB2UART_SendData
[...]
    Drive\\IWDG\\iwdg.c                      0x00000000   Number         0  iwdg.o ABSOLUTE
    Drive\\MALLOC\\malloc.c                  0x00000000   Number         0  malloc.o ABSOLUTE
    Drive\\MCU\\MCU.c                        0x00000000   Number         0  mcu.o ABSOLUTE
    Drive\\NAND\\ftl.c                       0x00000000   Number         0  ftl.o ABSOLUTE
    Drive\\NAND\\nand.c                      0x00000000   Number         0  nand.o ABSOLUTE
    Drive\\NAND\\nandtester.c                0x00000000   Number         0  nandtester.o ABSOLUTE
    Drive\\USB2UART\\usb2uart.c              0x00000000   Number         0  usb2uart.o ABSOLUTE
    Drive\\command\\commandProcess.c         0x00000000   Number         0  commandprocess.o ABSOLUTE
    Drive\\config\\config.c                  0x00000000   Number         0  config.o ABSOLUTE
    Drive\\debug_uart5\\debug_uart5.c        0x00000000   Number         0  debug_uart5.o ABSOLUTE
    Drive\\delay\\delay.c                    0x00000000   Number         0  delay.o ABSOLUTE
    Drive\\frame\\dataFrame.c                0x00000000   Number         0  dataframe.o ABSOLUTE
    Drive\\i2c\\myiic.c                      0x00000000   Number         0  myiic.o ABSOLUTE
    Drive\\key\\key.c                        0x00000000   Number         0  key.o ABSOLUTE
    Drive\\led\\led.c                        0x00000000   Number         0  led.o ABSOLUTE
    Drive\\motor\\DynamixelMotor.c           0x00000000   Number         0  dynamixelmotor.o ABSOLUTE
    Drive\\sdram\\sdram.c                    0x00000000   Number         0  sdram.o ABSOLUTE
    Drive\\sys\\clock_init.c                 0x00000000   Number         0  clock_init.o ABSOLUTE
    Drive\command\commandProcess.c           0x00000000   Number         0  commandprocess.o ABSOLUTE
    Drive\config\config.c                    0x00000000   Number         0  config.o ABSOLUTE
    Drive\debug_uart5\debug_uart5.c          0x00000000   Number         0  debug_uart5.o ABSOLUTE
    Drive\delay\delay.c                      0x00000000   Number         0  delay.o ABSOLUTE
    Drive\frame\dataFrame.c                  0x00000000   Number         0  dataframe.o ABSOLUTE
    Drive\i2c\myiic.c                        0x00000000   Number         0  myiic.o ABSOLUTE
    Drive\key\key.c                          0x00000000   Number         0  key.o ABSOLUTE
    Drive\led\led.c                          0x00000000   Number         0  led.o ABSOLUTE
    Drive\motor\DynamixelMotor.c             0x00000000   Number         0  dynamixelmotor.o ABSOLUTE
    Drive\sdram\sdram.c                      0x00000000   Number         0  sdram.o ABSOLUTE
    Drive\sys\clock_init.c                   0x00000000   Number         0  clock_init.o ABSOLUTE
    cdrcmple.s                               0x00000000   Number         0  cdrcmple.o ABSOLUTE
    dc.s                                     0x00000000   Number         0  dc.o ABSOLUTE
    handlers.s                               0x00000000   Number         0  handlers.o ABSOLUTE
    init.s                                   0x00000000   Number         0  init.o ABSOLUTE
    startup_stm32f767xx.s                    0x00000000   Number         0  startup_stm32f767xx.o ABSOLUTE
    RESET                                    0x08000000   Section      504  startup_stm32f767xx.o(RESET)
    .ARM.Collect$$$$00000000                 0x080001f8   Section        0  entry.o(.ARM.Collect$$$$00000000)
    .ARM.Collect$$$$00000001                 0x080001f8   Section        4  entry2.o(.ARM.Collect$$$$00000001)
    .ARM.Collect$$$$00000004                 0x080001fc   Section        4  entry5.o(.ARM.Collect$$$$00000004)
    .ARM.Collect$$$$00000008                 0x08000200   Section        0  entry7b.o(.ARM.Collect$$$$00000008)
    .ARM.Collect$$$$0000000A                 0x08000200   Section        0  entry8b.o(.ARM.Collect$$$$0000000A)
    .ARM.Collect$$$$0000000B                 0x08000200   Section        8  entry9a.o(.ARM.Collect$$$$0000000B)
    .ARM.Collect$$$$0000000D                 0x08000208   Section        0  entry10a.o(.ARM.Collect$$$$0000000D)
    .ARM.Collect$$$$0000000F                 0x08000208   Section        0  entry11a.o(.ARM.Collect$$$$0000000F)
    .ARM.Collect$$$$00002712                 0x08000208   Section        4  entry2.o(.ARM.Collect$$$$00002712)
    __lit__00000000                          0x08000208   Data           4  entry2.o(.ARM.Collect$$$$00002712)
    .text                                    0x0800020c   Section       36  startup_stm32f767xx.o(.text)
    $v0                                      0x0800020c   Number         0  startup_stm32f767xx.o(.text)
    .text                                    0x08000230   Section        0  uldiv.o(.text)
    .text                                    0x08000292   Section        0  memseta.o(.text)
    .text                                    0x080002b6   Section        0  llshl.o(.text)
    .text                                    0x080002d4   Section        0  llushr.o(.text)
    .text                                    0x080002f4   Section       36  init.o(.text)
    .text                                    0x08000318   Section        0  semi.o(.text)
    .text                                    0x08000318   Section        0  iusesemip.o(.text)
    i.Battery_Protect                        0x08000318   Section        0  mcu.o(i.Battery_Protect)
    i.BusFault_Handler                       0x08000360   Section        0  stm32f7xx_it.o(i.BusFault_Handler)
    i.Cache_Enalble                          0x08000364   Section        0  config.o(i.Cache_Enalble)
    i.DMA1_Stream5_IRQHandler                0x08000380   Section        0  stm32f7xx_it.o(i.DMA1_Stream5_IRQHandler)
    i.DMA1_Stream6_IRQHandler                0x0800045c   Section        0  stm32f7xx_it.o(i.DMA1_Stream6_IRQHandler)
    i.DMA_CalcBaseAndBitshift                0x0800046c   Section        0  stm32f7xx_hal_dma.o(i.DMA_CalcBaseAndBitshift)
    DMA_CalcBaseAndBitshift                  0x0800046d   Thumb Code    46  stm32f7xx_hal_dma.o(i.DMA_CalcBaseAndBitshift)
    i.DMA_CheckFifoParam                     0x080004a0   Section        0  stm32f7xx_hal_dma.o(i.DMA_CheckFifoParam)
    DMA_CheckFifoParam                       0x080004a1   Thumb Code   170  stm32f7xx_hal_dma.o(i.DMA_CheckFifoParam)
    i.DMA_MultiBufferSetConfig               0x0800054a   Section        0  stm32f7xx_hal_dma_ex.o(i.DMA_MultiBufferSetConfig)
    DMA_MultiBufferSetConfig                 0x0800054b   Thumb Code    32  stm32f7xx_hal_dma_ex.o(i.DMA_MultiBufferSetConfig)
    i.DMA_SetConfig                          0x0800056a   Section        0  stm32f7xx_hal_dma.o(i.DMA_SetConfig)
    DMA_SetConfig                            0x0800056b   Thumb Code    44  stm32f7xx_hal_dma.o(i.DMA_SetConfig)
    i.DXLMotor_Init                          0x08000598   Section        0  dynamixelmotor.o(i.DXLMotor_Init)
    i.DXL_DIR                                0x0800064c   Section        0  dynamixelmotor.o(i.DXL_DIR)
    i.DXL_DMA_Init                           0x08000660   Section        0  dynamixelmotor.o(i.DXL_DMA_Init)
    DXL_DMA_Init                             0x08000661   Thumb Code   194  dynamixelmotor.o(i.DXL_DMA_Init)
    i.DXL_ReceiverTimeoutInit                0x0800073c   Section        0  dynamixelmotor.o(i.DXL_ReceiverTimeoutInit)
    DXL_ReceiverTimeoutInit                  0x0800073d   Thumb Code    34  dynamixelmotor.o(i.DXL_ReceiverTimeoutInit)
    i.DXL_SendData                           0x08000764   Section        0  dynamixelmotor.o(i.DXL_SendData)
    i.DebugMon_Handler                       0x08000798   Section        0  stm32f7xx_it.o(i.DebugMon_Handler)
    i.Debug_UART5_Init                       0x0800079c   Section        0  debug_uart5.o(i.Debug_UART5_Init)
    i.EXTI15_10_IRQHandler                   0x080007f4   Section        0  stm32f7xx_it.o(i.EXTI15_10_IRQHandler)
    i.Emerge_Stop_Monitor                    0x08000808   Section        0  mcu.o(i.Emerge_Stop_Monitor)
    i.Error_Handler                          0x08000854   Section        0  config.o(i.Error_Handler)
    i.FMC_SDRAM_Init                         0x08000856   Section        0  stm32f7xx_ll_fmc.o(i.FMC_SDRAM_Init)
    i.FMC_SDRAM_SendCommand                  0x080008ca   Section        0  stm32f7xx_ll_fmc.o(i.FMC_SDRAM_SendCommand)
    i.FMC_SDRAM_SetAutoRefreshNumber         0x080008f0   Section        0  stm32f7xx_ll_fmc.o(i.FMC_SDRAM_SetAutoRefreshNumber)
    i.FMC_SDRAM_Timing_Init                  0x08000900   Section        0  stm32f7xx_ll_fmc.o(i.FMC_SDRAM_Timing_Init)
    i.FTL_BadBlockMark                       0x0800099c   Section        0  ftl.o(i.FTL_BadBlockMark)
    i.FTL_BlockCompare                       0x080009d0   Section        0  ftl.o(i.FTL_BlockCompare)
    i.FTL_CopyAndWriteToBlock                0x08000abc   Section        0  ftl.o(i.FTL_CopyAndWriteToBlock)
    i.FTL_CreateLUT                          0x08000bc8   Section        0  ftl.o(i.FTL_CreateLUT)
    i.FTL_FindSamePlaneUnusedBlock           0x08000c94   Section        0  ftl.o(i.FTL_FindSamePlaneUnusedBlock)
    i.FTL_FindUnusedBlock                    0x08000d04   Section        0  ftl.o(i.FTL_FindUnusedBlock)
    i.FTL_LBNToPBN                           0x08000d4c   Section        0  ftl.o(i.FTL_LBNToPBN)
    i.FTL_ReadSectors                        0x08000d70   Section        0  ftl.o(i.FTL_ReadSectors)
    i.FTL_UsedBlockMark                      0x08000ec0   Section        0  ftl.o(i.FTL_UsedBlockMark)
    i.FTL_WriteSectors                       0x08000ee8   Section        0  ftl.o(i.FTL_WriteSectors)
    i.Fan_Init                               0x08001078   Section        0  mcu.o(i.Fan_Init)
    i.Fan_Monitor                            0x080010e0   Section        0  mcu.o(i.Fan_Monitor)
    i.HAL_DMAEx_MultiBufferStart_IT          0x08001150   Section        0  stm32f7xx_hal_dma_ex.o(i.HAL_DMAEx_MultiBufferStart_IT)
    i.HAL_DMA_IRQHandler                     0x08002114   Section        0  stm32f7xx_hal_dma.o(i.HAL_DMA_IRQHandler)
    i.HAL_DMA_Init                           0x08002354   Section        0  stm32f7xx_hal_dma.o(i.HAL_DMA_Init)
    i.HAL_DMA_Start                          0x08002440   Section        0  stm32f7xx_hal_dma.o(i.HAL_DMA_Start)
    i.HAL_Delay                              0x080024a8   Section        0  stm32f7xx_hal.o(i.HAL_Delay)
    i.HAL_FMC_MspInit                        0x080024d0   Section        0  stm32f7xx_hal_msp.o(i.HAL_FMC_MspInit)
    HAL_FMC_MspInit                          0x080024d1   Thumb Code   344  stm32f7xx_hal_msp.o(i.HAL_FMC_MspInit)
    i.HAL_GPIO_EXTI_Callback                 0x08002644   Section        0  key.o(i.HAL_GPIO_EXTI_Callback)
    i.HAL_GPIO_EXTI_IRQHandler               0x0800267c   Section        0  stm32f7xx_hal_gpio.o(i.HAL_GPIO_EXTI_IRQHandler)
    i.HAL_GPIO_Init                          0x08002698   Section        0  stm32f7xx_hal_gpio.o(i.HAL_GPIO_Init)
    i.HAL_GPIO_ReadPin                       0x080028b0   Section        0  stm32f7xx_hal_gpio.o(i.HAL_GPIO_ReadPin)
    i.HAL_GPIO_TogglePin                     0x080028c0   Section        0  stm32f7xx_hal_gpio.o(i.HAL_GPIO_TogglePin)
    i.HAL_GPIO_WritePin                      0x080028d0   Section        0  stm32f7xx_hal_gpio.o(i.HAL_GPIO_WritePin)
    i.HAL_GetTick                            0x080028dc   Section        0  stm32f7xx_hal.o(i.HAL_GetTick)
    i.HAL_IWDG_Init                          0x080028e8   Section        0  stm32f7xx_hal_iwdg.o(i.HAL_IWDG_Init)
    i.HAL_IWDG_Refresh                       0x0800294a   Section        0  stm32f7xx_hal_iwdg.o(i.HAL_IWDG_Refresh)
    i.HAL_IncTick                            0x08002958   Section        0  stm32f7xx_hal.o(i.HAL_IncTick)
    i.HAL_Init                               0x08002970   Section        0  stm32f7xx_hal.o(i.HAL_Init)
    i.HAL_InitTick                           0x08002988   Section        0  stm32f7xx_hal.o(i.HAL_InitTick)
    i.HAL_MspInit                            0x080029d4   Section        0  stm32f7xx_hal_msp.o(i.HAL_MspInit)
    i.HAL_NVIC_EnableIRQ                     0x08002a14   Section        0  stm32f7xx_hal_cortex.o(i.HAL_NVIC_EnableIRQ)
    i.HAL_NVIC_SetPriority                   0x08002a34   Section        0  stm32f7xx_hal_cortex.o(i.HAL_NVIC_SetPriority)
    i.HAL_NVIC_SetPriorityGrouping           0x08002ab0   Section        0  stm32f7xx_hal_cortex.o(i.HAL_NVIC_SetPriorityGrouping)
    i.HAL_PWREx_EnableOverDrive              0x08002ad8   Section        0  stm32f7xx_hal_pwr_ex.o(i.HAL_PWREx_EnableOverDrive)
    i.HAL_PWR_EnableBkUpAccess               0x08002b68   Section        0  stm32f7xx_hal_pwr.o(i.HAL_PWR_EnableBkUpAccess)
    i.HAL_RCCEx_PeriphCLKConfig              0x08002b7c   Section        0  stm32f7xx_hal_rcc_ex.o(i.HAL_RCCEx_PeriphCLKConfig)
    i.HAL_RCC_CSSCallback                    0x080032d4   Section        0  stm32f7xx_hal_rcc.o(i.HAL_RCC_CSSCallback)
    i.HAL_RCC_ClockConfig                    0x080032d8   Section        0  stm32f7xx_hal_rcc.o(i.HAL_RCC_ClockConfig)
    i.HAL_RCC_EnableCSS                      0x0800346c   Section        0  stm32f7xx_hal_rcc.o(i.HAL_RCC_EnableCSS)
    i.HAL_RCC_GetHCLKFreq                    0x08003480   Section        0  stm32f7xx_hal_rcc.o(i.HAL_RCC_GetHCLKFreq)
    i.HAL_RCC_GetPCLK1Freq                   0x0800348c   Section        0  stm32f7xx_hal_rcc.o(i.HAL_RCC_GetPCLK1Freq)
    i.HAL_RCC_GetPCLK2Freq                   0x080034ac   Section        0  stm32f7xx_hal_rcc.o(i.HAL_RCC_GetPCLK2Freq)
    i.HAL_RCC_GetSysClockFreq                0x080034cc   Section        0  stm32f7xx_hal_rcc.o(i.HAL_RCC_GetSysClockFreq)
    i.HAL_RCC_NMI_IRQHandler                 0x0800357c   Section        0  stm32f7xx_hal_rcc.o(i.HAL_RCC_NMI_IRQHandler)
    i.HAL_RCC_OscConfig                      0x0800359c   Section        0  stm32f7xx_hal_rcc.o(i.HAL_RCC_OscConfig)
    i.HAL_SDRAM_Init                         0x08003ab0   Section        0  stm32f7xx_hal_sdram.o(i.HAL_SDRAM_Init)
    i.HAL_SDRAM_MspInit                      0x08003af0   Section        0  stm32f7xx_hal_msp.o(i.HAL_SDRAM_MspInit)
    i.HAL_SDRAM_SendCommand                  0x08003afa   Section        0  stm32f7xx_hal_sdram.o(i.HAL_SDRAM_SendCommand)
    i.HAL_SDRAM_SetAutoRefreshNumber         0x08003b34   Section        0  stm32f7xx_hal_sdram.o(i.HAL_SDRAM_SetAutoRefreshNumber)
    i.HAL_SYSTICK_CLKSourceConfig            0x08003b5c   Section        0  stm32f7xx_hal_cortex.o(i.HAL_SYSTICK_CLKSourceConfig)
    i.HAL_SYSTICK_Config                     0x08003b84   Section        0  stm32f7xx_hal_cortex.o(i.HAL_SYSTICK_Config)
    i.HAL_UART_EnableReceiverTimeout         0x08003bb8   Section        0  stm32f7xx_hal_uart.o(i.HAL_UART_EnableReceiverTimeout)
    i.HAL_UART_Init                          0x08003bfa   Section        0  stm32f7xx_hal_uart.o(i.HAL_UART_Init)
    i.HAL_UART_MspInit                       0x08003c70   Section        0  stm32f7xx_hal_msp.o(i.HAL_UART_MspInit)
    i.HAL_UART_ReceiverTimeout_Config        0x08003e6c   Section        0  stm32f7xx_hal_uart.o(i.HAL_UART_ReceiverTimeout_Config)
    i.HardFault_Handler                      0x08003e7c   Section        0  stm32f7xx_it.o(i.HardFault_Handler)
    i.I2C_LM75_Read                          0x08003e80   Section        0  myiic.o(i.I2C_LM75_Read)
    i.IIC_Ack                                0x08003f10   Section        0  myiic.o(i.IIC_Ack)
    i.IIC_Init                               0x08003f68   Section        0  myiic.o(i.IIC_Init)
    i.IIC_NAck                               0x08003fc4   Section        0  myiic.o(i.IIC_NAck)
    i.IIC_Read_Byte                          0x0800401c   Section        0  myiic.o(i.IIC_Read_Byte)
    i.IIC_Send_Byte                          0x0800408c   Section        0  myiic.o(i.IIC_Send_Byte)
    i.IIC_Start                              0x0800410c   Section        0  myiic.o(i.IIC_Start)
    i.IIC_Stop                               0x08004164   Section        0  myiic.o(i.IIC_Stop)
    i.IIC_Wait_Ack                           0x080041b8   Section        0  myiic.o(i.IIC_Wait_Ack)
    i.IWDG_Feed                              0x08004224   Section        0  iwdg.o(i.IWDG_Feed)
    i.IWDG_Init                              0x08004234   Section        0  iwdg.o(i.IWDG_Init)
    i.KEY_Init                               0x0800425c   Section        0  key.o(i.KEY_Init)
    i.LED_Init                               0x080042c0   Section        0  led.o(i.LED_Init)
    i.MTi_630_DMA_Init                       0x0800434c   Section        0  mti_630.o(i.MTi_630_DMA_Init)
    MTi_630_DMA_Init                         0x0800434d   Thumb Code   216  mti_630.o(i.MTi_630_DMA_Init)
    i.MTi_630_Init                           0x08004440   Section        0  mti_630.o(i.MTi_630_Init)
    i.MemManage_Handler                      0x080044e4   Section        0  stm32f7xx_it.o(i.MemManage_Handler)
    i.NAND_CopyPageWithWrite                 0x080044e8   Section        0  nand.o(i.NAND_CopyPageWithWrite)
    i.NAND_CopyPageWithoutWrite              0x080046f0   Section        0  nand.o(i.NAND_CopyPageWithoutWrite)
    i.NAND_Delay                             0x080047b0   Section        0  nand.o(i.NAND_Delay)
    i.NAND_ECC_Correction                    0x080047c2   Section        0  nand.o(i.NAND_ECC_Correction)
    i.NAND_ECC_Get_OE                        0x0800484c   Section        0  nand.o(i.NAND_ECC_Get_OE)
    i.NAND_EraseBlock                        0x08004888   Section        0  nand.o(i.NAND_EraseBlock)
    i.NAND_ReadPage                          0x080048e4   Section        0  nand.o(i.NAND_ReadPage)
    i.NAND_ReadPageComp                      0x08004b04   Section        0  nand.o(i.NAND_ReadPageComp)
    i.NAND_ReadSpare                         0x08004b94   Section        0  nand.o(i.NAND_ReadSpare)
    i.NAND_ReadStatus                        0x08004bd4   Section        0  nand.o(i.NAND_ReadStatus)
    i.NAND_WaitForReady                      0x08004c24   Section        0  nand.o(i.NAND_WaitForReady)
    i.NAND_WaitRB                            0x08004c5c   Section        0  nand.o(i.NAND_WaitRB)
    i.NAND_WritePage                         0x08004c98   Section        0  nand.o(i.NAND_WritePage)
    i.NAND_WritePageConst                    0x08004e1c   Section        0  nand.o(i.NAND_WritePageConst)
    i.NAND_WriteSpare                        0x08004e80   Section        0  nand.o(i.NAND_WriteSpare)
    i.NMI_Handler                            0x08004ec0   Section        0  stm32f7xx_it.o(i.NMI_Handler)
    i.PendSV_Handler                         0x08004ec8   Section        0  stm32f7xx_it.o(i.PendSV_Handler)
    i.SCB_EnableDCache                       0x08004ecc   Section        0  config.o(i.SCB_EnableDCache)
    SCB_EnableDCache                         0x08004ecd   Thumb Code   148  config.o(i.SCB_EnableDCache)
    i.SCB_EnableICache                       0x08004f68   Section        0  config.o(i.SCB_EnableICache)
    SCB_EnableICache                         0x08004f69   Thumb Code   116  config.o(i.SCB_EnableICache)
    i.SDRAM_FMC_Init                         0x08004fe4   Section        0  sdram.o(i.SDRAM_FMC_Init)
    i.SDRAM_Initialization_Sequence          0x08005064   Section        0  sdram.o(i.SDRAM_Initialization_Sequence)
    SDRAM_Initialization_Sequence            0x08005065   Thumb Code    68  sdram.o(i.SDRAM_Initialization_Sequence)
    i.SDRAM_Send_Cmd                         0x080050a8   Section        0  sdram.o(i.SDRAM_Send_Cmd)
    SDRAM_Send_Cmd                           0x080050a9   Thumb Code    68  sdram.o(i.SDRAM_Send_Cmd)
    i.SVC_Handler                            0x080050f0   Section        0  stm32f7xx_it.o(i.SVC_Handler)
    i.SysTick_Handler                        0x080050f2   Section        0  stm32f7xx_it.o(i.SysTick_Handler)
    i.Sys_Init                               0x080050fc   Section        0  config.o(i.Sys_Init)
    i.SystemClock_Config                     0x08005154   Section        0  clock_init.o(i.SystemClock_Config)
    i.SystemInit                             0x08005230   Section        0  system_stm32f7xx.o(i.SystemInit)
    i.Test_Fuction                           0x0800524c   Section        0  main.o(i.Test_Fuction)
    i.UART4_IRQHandler                       0x08005300   Section        0  stm32f7xx_it.o(i.UART4_IRQHandler)
    i.UART5_DMA_Init                         0x080053c4   Section        0  debug_uart5.o(i.UART5_DMA_Init)
    UART5_DMA_Init                           0x080053c5   Thumb Code   184  debug_uart5.o(i.UART5_DMA_Init)
    i.UART5_IRQHandler                       0x08005494   Section        0  stm32f7xx_it.o(i.UART5_IRQHandler)
    i.UART5_ReceiverTimeoutInit              0x08005550   Section        0  debug_uart5.o(i.UART5_ReceiverTimeoutInit)
    UART5_ReceiverTimeoutInit                0x08005551   Thumb Code    34  debug_uart5.o(i.UART5_ReceiverTimeoutInit)
    i.UART5_SendData                         0x08005578   Section        0  debug_uart5.o(i.UART5_SendData)
    i.UARTSendData                           0x08005590   Section        0  config.o(i.UARTSendData)
    i.UART_AdvFeatureConfig                  0x080055d2   Section        0  stm32f7xx_hal_uart.o(i.UART_AdvFeatureConfig)
    i.UART_CheckIdleState                    0x080056ca   Section        0  stm32f7xx_hal_uart.o(i.UART_CheckIdleState)
    i.UART_SetConfig                         0x08005738   Section        0  stm32f7xx_hal_uart.o(i.UART_SetConfig)
    i.UART_WaitOnFlagUntilTimeout            0x08005ae0   Section        0  stm32f7xx_hal_uart.o(i.UART_WaitOnFlagUntilTimeout)
    i.USART1_IRQHandler                      0x08005b94   Section        0  stm32f7xx_it.o(i.USART1_IRQHandler)
    i.USART2_IRQHandler                      0x08005c68   Section        0  stm32f7xx_it.o(i.USART2_IRQHandler)
    i.USB2UART_DMA_Init                      0x08005d1c   Section        0  usb2uart.o(i.USB2UART_DMA_Init)
    USB2UART_DMA_Init                        0x08005d1d   Thumb Code   184  usb2uart.o(i.USB2UART_DMA_Init)
    i.USB2UART_Init                          0x08005dec   Section        0  usb2uart.o(i.USB2UART_Init)
    i.USB2UART_ReceiverTimeoutInit           0x08005e48   Section        0  usb2uart.o(i.USB2UART_ReceiverTimeoutInit)
    USB2UART_ReceiverTimeoutInit             0x08005e49   Thumb Code    34  usb2uart.o(i.USB2UART_ReceiverTimeoutInit)
    i.USB2UART_SendData                      0x08005e70   Section        0  usb2uart.o(i.USB2UART_SendData)
    i.UsageFault_Handler                     0x08005e88   Section        0  stm32f7xx_it.o(i.UsageFault_Handler)
    i.__0printf$5                            0x08005e8c   Section        0  printf5.o(i.__0printf$5)
    i.__NVIC_GetPriorityGrouping             0x08005eac   Section        0  stm32f7xx_hal_cortex.o(i.__NVIC_GetPriorityGrouping)
    __NVIC_GetPriorityGrouping               0x08005ead   Thumb Code    10  stm32f7xx_hal_cortex.o(i.__NVIC_GetPriorityGrouping)
    i.__NVIC_SetPriority                     0x08005ebc   Section        0  stm32f7xx_hal_cortex.o(i.__NVIC_SetPriority)
    __NVIC_SetPriority                       0x08005ebd   Thumb Code    32  stm32f7xx_hal_cortex.o(i.__NVIC_SetPriority)
    i.__scatterload_copy                     0x08005ee4   Section       14  handlers.o(i.__scatterload_copy)
    i.__scatterload_null                     0x08005ef2   Section        2  handlers.o(i.__scatterload_null)
    i.__scatterload_zeroinit                 0x08005ef4   Section       14  handlers.o(i.__scatterload_zeroinit)
    i._printf_core                           0x08005f04   Section        0  printf5.o(i._printf_core)
    _printf_core                             0x08005f05   Thumb Code   658  printf5.o(i._printf_core)
    i.delay_init                             0x080061c4   Section        0  delay.o(i.delay_init)
    i.delay_us                               0x080061d8   Section        0  delay.o(i.delay_us)
    i.fputc                                  0x08006220   Section        0  fputc.o(i.fputc)
    i.main                                   0x08006232   Section        0  main.o(i.main)
    .constdata                               0x0800624a   Section        8  stm32f7xx_hal_dma.o(.constdata)
    flagBitshiftOffset                       0x0800624a   Data           8  stm32f7xx_hal_dma.o(.constdata)
    .constdata                               0x08006252   Section       24  system_stm32f7xx.o(.constdata)
    .ARM.__AT_0x0C000100                     0x0c000100   Section    29605888  malloc.o(.ARM.__AT_0x0C000100)
    .ARM.__AT_0x0DC3C100                     0x0dc3c100   Section    1850368  malloc.o(.ARM.__AT_0x0DC3C100)
    .data                                    0x20000000   Section        8  main.o(.data)
    .data                                    0x20000008   Section       24  stm32f7xx_it.o(.data)
    .data                                    0x20000020   Section        4  stm32f7xx_hal_msp.o(.data)
    FMC_Initialized                          0x20000020   Data           4  stm32f7xx_hal_msp.o(.data)
    .data                                    0x20000024   Section        5  mti_630.o(.data)
    .data                                    0x2000002c   Section       11  mcu.o(.data)
    .data                                    0x20000038   Section       12  ftl.o(.data)
    curblock                                 0x20000040   Data           4  ftl.o(.data)
    .data                                    0x20000044   Section        4  delay.o(.data)
    fac_us                                   0x20000044   Data           4  delay.o(.data)
    .data                                    0x20000048   Section        9  stm32f7xx_hal.o(.data)
    .data                                    0x20000054   Section        4  system_stm32f7xx.o(.data)
    .data                                    0x20000058   Section        4  stdout.o(.data)
    .bss                                     0x2000005c   Section      512  main.o(.bss)
    .bss                                     0x2000025c   Section      520  debug_uart5.o(.bss)
    .bss                                     0x20000464   Section      320  dynamixelmotor.o(.bss)
    .bss                                     0x200005a4   Section      320  usb2uart.o(.bss)
    .bss                                     0x200006e4   Section      320  mti_630.o(.bss)
    .bss                                     0x20000824   Section       52  sdram.o(.bss)
    .bss                                     0x20000858   Section       16  iwdg.o(.bss)
    .bss                                     0x20000868   Section      156  nand.o(.bss)
    STACK                                    0x20000908   Section     4096  startup_stm32f767xx.o(STACK)
    .ARM.__AT_0x2000F000                     0x2000f000   Section     3840  malloc.o(.ARM.__AT_0x2000F000)
    .ARM.__AT_0x20010000                     0x20010000   Section    61440  malloc.o(.ARM.__AT_0x20010000)
    .ARM.__AT_0xC0000000                     0xc0000000   Section      130  mti_630.o(.ARM.__AT_0xC0000000)
    .ARM.__AT_0xC0000100                     0xc0000100   Section      130  mti_630.o(.ARM.__AT_0xC0000100)
    .ARM.__AT_0xC0000300                     0xc0000300   Section      500  dataframe.o(.ARM.__AT_0xC0000300)
    .ARM.__AT_0xC0000500                     0xc0000500   Section      400  dynamixelmotor.o(.ARM.__AT_0xC0000500)
    .ARM.__AT_0xC0000700                     0xc0000700   Section      255  usb2uart.o(.ARM.__AT_0xC0000700)
    .ARM.__AT_0xC0000900                     0xc0000900   Section      400  dataframe.o(.ARM.__AT_0xC0000900)

    Global Symbols

    Symbol Name                              Value     Ov Type        Size  Object(Section)

    BuildAttributes$$THM_ISAv4$E$P$D$K$B$S$7EM$VFPv5_D16$PE$PLD8$A:L22UL41UL21$X:L11$S22US41US21$IEEE1$IW$USESV6$~STKCKD$USESV7$~SHL$OSPACE$ROPI$EBA8$MICROLIB$REQ8$PRES8$EABIv2 0x00000000   Number         0  anon$$obj.o ABSOLUTE
    __ARM_use_no_argv                        0x00000000   Number         0  main.o ABSOLUTE
    _printf_a                                0x00000000   Number         0  stubs.o ABSOLUTE
    _printf_c                                0x00000000   Number         0  stubs.o ABSOLUTE
    _printf_charcount                        0x00000000   Number         0  stubs.o ABSOLUTE
    _printf_d                                0x00000000   Number         0  stubs.o ABSOLUTE
    _printf_e                                0x00000000   Number         0  stubs.o ABSOLUTE
    _printf_f                                0x00000000   Number         0  stubs.o ABSOLUTE
    _printf_flags                            0x00000000   Number         0  stubs.o ABSOLUTE
    _printf_fp_dec                           0x00000000   Number         0  stubs.o ABSOLUTE
    _printf_fp_hex                           0x00000000   Number         0  stubs.o ABSOLUTE
    _printf_g                                0x00000000   Number         0  stubs.o ABSOLUTE
    _printf_i                                0x00000000   Number         0  stubs.o ABSOLUTE
    _printf_int_dec                          0x00000000   Number         0  stubs.o ABSOLUTE
    _printf_l                                0x00000000   Number         0  stubs.o ABSOLUTE
    _printf_lc                               0x00000000   Number         0  stubs.o ABSOLUTE
    _printf_ll                               0x00000000   Number         0  stubs.o ABSOLUTE
    _printf_lld                              0x00000000   Number         0  stubs.o ABSOLUTE
    _printf_lli                              0x00000000   Number         0  stubs.o ABSOLUTE
    _printf_llo                              0x00000000   Number         0  stubs.o ABSOLUTE
    _printf_llu                              0x00000000   Number         0  stubs.o ABSOLUTE
    _printf_llx                              0x00000000   Number         0  stubs.o ABSOLUTE
    _printf_longlong_dec                     0x00000000   Number         0  stubs.o ABSOLUTE
    _printf_longlong_hex                     0x00000000   Number         0  stubs.o ABSOLUTE
    _printf_longlong_oct                     0x00000000   Number         0  stubs.o ABSOLUTE
    _printf_ls                               0x00000000   Number         0  stubs.o ABSOLUTE
    _printf_mbtowc                           0x00000000   Number         0  stubs.o ABSOLUTE
    _printf_n                                0x00000000   Number         0  stubs.o ABSOLUTE
    _printf_o                                0x00000000   Number         0  stubs.o ABSOLUTE
    _printf_p                                0x00000000   Number         0  stubs.o ABSOLUTE
    _printf_percent                          0x00000000   Number         0  stubs.o ABSOLUTE
    _printf_pre_padding                      0x00000000   Number         0  stubs.o ABSOLUTE
    _printf_return_value                     0x00000000   Number         0  stubs.o ABSOLUTE
    _printf_s                                0x00000000   Number         0  stubs.o ABSOLUTE
    _printf_sizespec                         0x00000000   Number         0  stubs.o ABSOLUTE
    _printf_str                              0x00000000   Number         0  stubs.o ABSOLUTE
    _printf_truncate_signed                  0x00000000   Number         0  stubs.o ABSOLUTE
    _printf_truncate_unsigned                0x00000000   Number         0  stubs.o ABSOLUTE
    _printf_u                                0x00000000   Number         0  stubs.o ABSOLUTE
    _printf_wc                               0x00000000   Number         0  stubs.o ABSOLUTE
    _printf_wctomb                           0x00000000   Number         0  stubs.o ABSOLUTE
    _printf_widthprec                        0x00000000   Number         0  stubs.o ABSOLUTE
    _printf_x                                0x00000000   Number         0  stubs.o ABSOLUTE
    __cpp_initialize__aeabi_                  - Undefined Weak Reference
    __cxa_finalize                            - Undefined Weak Reference
    __decompress                              - Undefined Weak Reference
    _clock_init                               - Undefined Weak Reference
    _microlib_exit                            - Undefined Weak Reference
    __Vectors_Size                           0x000001f8   Number         0  startup_stm32f767xx.o ABSOLUTE
    __Vectors                                0x08000000   Data           4  startup_stm32f767xx.o(RESET)
    __Vectors_End                            0x080001f8   Data           0  startup_stm32f767xx.o(RESET)
    __main                                   0x080001f9   Thumb Code     0  entry.o(.ARM.Collect$$$$00000000)
    _main_stk                                0x080001f9   Thumb Code     0  entry2.o(.ARM.Collect$$$$00000001)
    _main_scatterload                        0x080001fd   Thumb Code     0  entry5.o(.ARM.Collect$$$$00000004)
    __main_after_scatterload                 0x08000201   Thumb Code     0  entry5.o(.ARM.Collect$$$$00000004)
    _main_clock                              0x08000201   Thumb Code     0  entry7b.o(.ARM.Collect$$$$00000008)
    _main_cpp_init                           0x08000201   Thumb Code     0  entry8b.o(.ARM.Collect$$$$0000000A)
    _main_init                               0x08000201   Thumb Code     0  entry9a.o(.ARM.Collect$$$$0000000B)
    __rt_final_cpp                           0x08000209   Thumb Code     0  entry10a.o(.ARM.Collect$$$$0000000D)
    __rt_final_exit                          0x08000209   Thumb Code     0  entry11a.o(.ARM.Collect$$$$0000000F)
    Reset_Handler                            0x0800020d   Thumb Code     8  startup_stm32f767xx.o(.text)
    ADC_IRQHandler                           0x08000227   Thumb Code     0  startup_stm32f767xx.o(.text)
    CAN1_RX0_IRQHandler                      0x08000227   Thumb Code     0  startup_stm32f767xx.o(.text)
    CAN1_RX1_IRQHandler                      0x08000227   Thumb Code     0  startup_stm32f767xx.o(.text)
    CAN1_SCE_IRQHandler                      0x08000227   Thumb Code     0  startup_stm32f767xx.o(.text)
    CAN1_TX_IRQHandler                       0x08000227   Thumb Code     0  startup_stm32f767xx.o(.text)
    CAN2_RX0_IRQHandler                      0x08000227   Thumb Code     0  startup_stm32f767xx.o(.text)
    CAN2_RX1_IRQHandler                      0x08000227   Thumb Code     0  startup_stm32f767xx.o(.text)
    CAN2_SCE_IRQHandler                      0x08000227   Thumb Code     0  startup_stm32f767xx.o(.text)
    CAN2_TX_IRQHandler                       0x08000227   Thumb Code     0  startup_stm32f767xx.o(.text)
    CAN3_RX0_IRQHandler                      0x08000227   Thumb Code     0  startup_stm32f767xx.o(.text)
    CAN3_RX1_IRQHandler                      0x08000227   Thumb Code     0  startup_stm32f767xx.o(.text)
    CAN3_SCE_IRQHandler                      0x08000227   Thumb Code     0  startup_stm32f767xx.o(.text)
    CAN3_TX_IRQHandler                       0x08000227   Thumb Code     0  startup_stm32f767xx.o(.text)
    CEC_IRQHandler                           0x08000227   Thumb Code     0  startup_stm32f767xx.o(.text)
    DCMI_IRQHandler                          0x08000227   Thumb Code     0  startup_stm32f767xx.o(.text)
    DFSDM1_FLT0_IRQHandler                   0x08000227   Thumb Code     0  startup_stm32f767xx.o(.text)
    DFSDM1_FLT1_IRQHandler                   0x08000227   Thumb Code     0  startup_stm32f767xx.o(.text)
    DFSDM1_FLT2_IRQHandler                   0x08000227   Thumb Code     0  startup_stm32f767xx.o(.text)
    DFSDM1_FLT3_IRQHandler                   0x08000227   Thumb Code     0  startup_stm32f767xx.o(.text)
    DMA1_Stream0_IRQHandler                  0x08000227   Thumb Code     0  startup_stm32f767xx.o(.text)
    DMA1_Stream1_IRQHandler                  0x08000227   Thumb Code     0  startup_stm32f767xx.o(.text)
    DMA1_Stream2_IRQHandler                  0x08000227   Thumb Code     0  startup_stm32f767xx.o(.text)
    DMA1_Stream3_IRQHandler                  0x08000227   Thumb Code     0  startup_stm32f767xx.o(.text)
    DMA1_Stream4_IRQHandler                  0x08000227   Thumb Code     0  startup_stm32f767xx.o(.text)
    DMA1_Stream7_IRQHandler                  0x08000227   Thumb Code     0  startup_stm32f767xx.o(.text)
    DMA2D_IRQHandler                         0x08000227   Thumb Code     0  startup_stm32f767xx.o(.text)
    DMA2_Stream0_IRQHandler                  0x08000227   Thumb Code     0  startup_stm32f767xx.o(.text)
    DMA2_Stream1_IRQHandler                  0x08000227   Thumb Code     0  startup_stm32f767xx.o(.text)
    DMA2_Stream2_IRQHandler                  0x08000227   Thumb Code     0  startup_stm32f767xx.o(.text)
    DMA2_Stream3_IRQHandler                  0x08000227   Thumb Code     0  startup_stm32f767xx.o(.text)
    DMA2_Stream4_IRQHandler                  0x08000227   Thumb Code     0  startup_stm32f767xx.o(.text)
    DMA2_Stream5_IRQHandler                  0x08000227   Thumb Code     0  startup_stm32f767xx.o(.text)
    DMA2_Stream6_IRQHandler                  0x08000227   Thumb Code     0  startup_stm32f767xx.o(.text)
    DMA2_Stream7_IRQHandler                  0x08000227   Thumb Code     0  startup_stm32f767xx.o(.text)
    ETH_IRQHandler                           0x08000227   Thumb Code     0  startup_stm32f767xx.o(.text)
    ETH_WKUP_IRQHandler                      0x08000227   Thumb Code     0  startup_stm32f767xx.o(.text)
    EXTI0_IRQHandler                         0x08000227   Thumb Code     0  startup_stm32f767xx.o(.text)
    EXTI1_IRQHandler                         0x08000227   Thumb Code     0  startup_stm32f767xx.o(.text)
    EXTI2_IRQHandler                         0x08000227   Thumb Code     0  startup_stm32f767xx.o(.text)
    EXTI3_IRQHandler                         0x08000227   Thumb Code     0  startup_stm32f767xx.o(.text)
    EXTI4_IRQHandler                         0x08000227   Thumb Code     0  startup_stm32f767xx.o(.text)
    EXTI9_5_IRQHandler                       0x08000227   Thumb Code     0  startup_stm32f767xx.o(.text)
    FLASH_IRQHandler                         0x08000227   Thumb Code     0  startup_stm32f767xx.o(.text)
    FMC_IRQHandler                           0x08000227   Thumb Code     0  startup_stm32f767xx.o(.text)
    FPU_IRQHandler                           0x08000227   Thumb Code     0  startup_stm32f767xx.o(.text)
    I2C1_ER_IRQHandler                       0x08000227   Thumb Code     0  startup_stm32f767xx.o(.text)
    I2C1_EV_IRQHandler                       0x08000227   Thumb Code     0  startup_stm32f767xx.o(.text)
    I2C2_ER_IRQHandler                       0x08000227   Thumb Code     0  startup_stm32f767xx.o(.text)
    I2C2_EV_IRQHandler                       0x08000227   Thumb Code     0  startup_stm32f767xx.o(.text)
    I2C3_ER_IRQHandler                       0x08000227   Thumb Code     0  startup_stm32f767xx.o(.text)
    I2C3_EV_IRQHandler                       0x08000227   Thumb Code     0  startup_stm32f767xx.o(.text)
    I2C4_ER_IRQHandler                       0x08000227   Thumb Code     0  startup_stm32f767xx.o(.text)
    I2C4_EV_IRQHandler                       0x08000227   Thumb Code     0  startup_stm32f767xx.o(.text)
    JPEG_IRQHandler                          0x08000227   Thumb Code     0  startup_stm32f767xx.o(.text)
    LPTIM1_IRQHandler                        0x08000227   Thumb Code     0  startup_stm32f767xx.o(.text)
    LTDC_ER_IRQHandler                       0x08000227   Thumb Code     0  startup_stm32f767xx.o(.text)
    LTDC_IRQHandler                          0x08000227   Thumb Code     0  startup_stm32f767xx.o(.text)
    MDIOS_IRQHandler                         0x08000227   Thumb Code     0  startup_stm32f767xx.o(.text)
    OTG_FS_IRQHandler                        0x08000227   Thumb Code     0  startup_stm32f767xx.o(.text)
    OTG_FS_WKUP_IRQHandler                   0x08000227   Thumb Code     0  startup_stm32f767xx.o(.text)
    OTG_HS_EP1_IN_IRQHandler                 0x08000227   Thumb Code     0  startup_stm32f767xx.o(.text)
    OTG_HS_EP1_OUT_IRQHandler                0x08000227   Thumb Code     0  startup_stm32f767xx.o(.text)
    OTG_HS_IRQHandler                        0x08000227   Thumb Code     0  startup_stm32f767xx.o(.text)
    OTG_HS_WKUP_IRQHandler                   0x08000227   Thumb Code     0  startup_stm32f767xx.o(.text)
    PVD_IRQHandler                           0x08000227   Thumb Code     0  startup_stm32f767xx.o(.text)
    QUADSPI_IRQHandler                       0x08000227   Thumb Code     0  startup_stm32f767xx.o(.text)
    RCC_IRQHandler                           0x08000227   Thumb Code     0  startup_stm32f767xx.o(.text)
    RNG_IRQHandler                           0x08000227   Thumb Code     0  startup_stm32f767xx.o(.text)
    RTC_Alarm_IRQHandler                     0x08000227   Thumb Code     0  startup_stm32f767xx.o(.text)
    RTC_WKUP_IRQHandler                      0x08000227   Thumb Code     0  startup_stm32f767xx.o(.text)
    SAI1_IRQHandler                          0x08000227   Thumb Code     0  startup_stm32f767xx.o(.text)
    SAI2_IRQHandler                          0x08000227   Thumb Code     0  startup_stm32f767xx.o(.text)
    SDMMC1_IRQHandler                        0x08000227   Thumb Code     0  startup_stm32f767xx.o(.text)
    SDMMC2_IRQHandler                        0x08000227   Thumb Code     0  startup_stm32f767xx.o(.text)
    SPDIF_RX_IRQHandler                      0x08000227   Thumb Code     0  startup_stm32f767xx.o(.text)
    SPI1_IRQHandler                          0x08000227   Thumb Code     0  startup_stm32f767xx.o(.text)
    SPI2_IRQHandler                          0x08000227   Thumb Code     0  startup_stm32f767xx.o(.text)
    SPI3_IRQHandler                          0x08000227   Thumb Code     0  startup_stm32f767xx.o(.text)
    SPI4_IRQHandler                          0x08000227   Thumb Code     0  startup_stm32f767xx.o(.text)
    SPI5_IRQHandler                          0x08000227   Thumb Code     0  startup_stm32f767xx.o(.text)
    SPI6_IRQHandler                          0x08000227   Thumb Code     0  startup_stm32f767xx.o(.text)
    TAMP_STAMP_IRQHandler                    0x08000227   Thumb Code     0  startup_stm32f767xx.o(.text)
    TIM1_BRK_TIM9_IRQHandler                 0x08000227   Thumb Code     0  startup_stm32f767xx.o(.text)
    TIM1_CC_IRQHandler                       0x08000227   Thumb Code     0  startup_stm32f767xx.o(.text)
    TIM1_TRG_COM_TIM11_IRQHandler            0x08000227   Thumb Code     0  startup_stm32f767xx.o(.text)
    TIM1_UP_TIM10_IRQHandler                 0x08000227   Thumb Code     0  startup_stm32f767xx.o(.text)
    TIM2_IRQHandler                          0x08000227   Thumb Code     0  startup_stm32f767xx.o(.text)
    TIM3_IRQHandler                          0x08000227   Thumb Code     0  startup_stm32f767xx.o(.text)
    TIM4_IRQHandler                          0x08000227   Thumb Code     0  startup_stm32f767xx.o(.text)
    TIM5_IRQHandler                          0x08000227   Thumb Code     0  startup_stm32f767xx.o(.text)
    TIM6_DAC_IRQHandler                      0x08000227   Thumb Code     0  startup_stm32f767xx.o(.text)
    TIM7_IRQHandler                          0x08000227   Thumb Code     0  startup_stm32f767xx.o(.text)
    TIM8_BRK_TIM12_IRQHandler                0x08000227   Thumb Code     0  startup_stm32f767xx.o(.text)
    TIM8_CC_IRQHandler                       0x08000227   Thumb Code     0  startup_stm32f767xx.o(.text)
    TIM8_TRG_COM_TIM14_IRQHandler            0x08000227   Thumb Code     0  startup_stm32f767xx.o(.text)
    TIM8_UP_TIM13_IRQHandler                 0x08000227   Thumb Code     0  startup_stm32f767xx.o(.text)
    UART7_IRQHandler                         0x08000227   Thumb Code     0  startup_stm32f767xx.o(.text)
    UART8_IRQHandler                         0x08000227   Thumb Code     0  startup_stm32f767xx.o(.text)
    USART3_IRQHandler                        0x08000227   Thumb Code     0  startup_stm32f767xx.o(.text)
    USART6_IRQHandler                        0x08000227   Thumb Code     0  startup_stm32f767xx.o(.text)
    WWDG_IRQHandler                          0x08000227   Thumb Code     0  startup_stm32f767xx.o(.text)
    __aeabi_uldivmod                         0x08000231   Thumb Code    98  uldiv.o(.text)
    __aeabi_memset                           0x08000293   Thumb Code    14  memseta.o(.text)
    __aeabi_memset4                          0x08000293   Thumb Code     0  memseta.o(.text)
    __aeabi_memset8                          0x08000293   Thumb Code     0  memseta.o(.text)
    __aeabi_memclr                           0x080002a1   Thumb Code     4  memseta.o(.text)
    __aeabi_memclr4                          0x080002a1   Thumb Code     0  memseta.o(.text)
    __aeabi_memclr8                          0x080002a1   Thumb Code     0  memseta.o(.text)
    _memset$wrapper                          0x080002a5   Thumb Code    18  memseta.o(.text)
    __aeabi_llsl                             0x080002b7   Thumb Code    30  llshl.o(.text)
    _ll_shift_l                              0x080002b7   Thumb Code     0  llshl.o(.text)
    __aeabi_llsr                             0x080002d5   Thumb Code    32  llushr.o(.text)
    _ll_ushift_r                             0x080002d5   Thumb Code     0  llushr.o(.text)
    __scatterload                            0x080002f5   Thumb Code    28  init.o(.text)
    __scatterload_rt2                        0x080002f5   Thumb Code     0  init.o(.text)
    Battery_Protect                          0x08000319   Thumb Code    60  mcu.o(i.Battery_Protect)
    __I$use$semihosting$fputc                0x08000319   Thumb Code     0  iusesemip.o(.text)
    __semihosting_library_function           0x08000319   Thumb Code     0  semi.o(.text)
    BusFault_Handler                         0x08000361   Thumb Code     4  stm32f7xx_it.o(i.BusFault_Handler)
    Cache_Enalble                            0x08000365   Thumb Code    24  config.o(i.Cache_Enalble)
    DMA1_Stream5_IRQHandler                  0x08000381   Thumb Code   194  stm32f7xx_it.o(i.DMA1_Stream5_IRQHandler)
    DMA1_Stream6_IRQHandler                  0x0800045d   Thumb Code    10  stm32f7xx_it.o(i.DMA1_Stream6_IRQHandler)
    DXLMotor_Init                            0x08000599   Thumb Code   162  dynamixelmotor.o(i.DXLMotor_Init)
    DXL_DIR                                  0x0800064d   Thumb Code    16  dynamixelmotor.o(i.DXL_DIR)
    DXL_SendData                             0x08000765   Thumb Code    48  dynamixelmotor.o(i.DXL_SendData)
    DebugMon_Handler                         0x08000799   Thumb Code     2  stm32f7xx_it.o(i.DebugMon_Handler)
    Debug_UART5_Init                         0x0800079d   Thumb Code    78  debug_uart5.o(i.Debug_UART5_Init)
    EXTI15_10_IRQHandler                     0x080007f5   Thumb Code    20  stm32f7xx_it.o(i.EXTI15_10_IRQHandler)
    Emerge_Stop_Monitor                      0x08000809   Thumb Code    60  mcu.o(i.Emerge_Stop_Monitor)
    Error_Handler                            0x08000855   Thumb Code     2  config.o(i.Error_Handler)
    FMC_SDRAM_Init                           0x08000857   Thumb Code   116  stm32f7xx_ll_fmc.o(i.FMC_SDRAM_Init)
    FMC_SDRAM_SendCommand                    0x080008cb   Thumb Code    38  stm32f7xx_ll_fmc.o(i.FMC_SDRAM_SendCommand)
    FMC_SDRAM_SetAutoRefreshNumber           0x080008f1   Thumb Code    14  stm32f7xx_ll_fmc.o(i.FMC_SDRAM_SetAutoRefreshNumber)
    FMC_SDRAM_Timing_Init                    0x08000901   Thumb Code   152  stm32f7xx_ll_fmc.o(i.FMC_SDRAM_Timing_Init)
    FTL_BadBlockMark                         0x0800099d   Thumb Code    48  ftl.o(i.FTL_BadBlockMark)
    FTL_BlockCompare                         0x080009d1   Thumb Code   208  ftl.o(i.FTL_BlockCompare)
    FTL_CopyAndWriteToBlock                  0x08000abd   Thumb Code   264  ftl.o(i.FTL_CopyAndWriteToBlock)
    FTL_CreateLUT                            0x08000bc9   Thumb Code   198  ftl.o(i.FTL_CreateLUT)
    FTL_FindSamePlaneUnusedBlock             0x08000c95   Thumb Code   104  ftl.o(i.FTL_FindSamePlaneUnusedBlock)
    FTL_FindUnusedBlock                      0x08000d05   Thumb Code    66  ftl.o(i.FTL_FindUnusedBlock)
    FTL_LBNToPBN                             0x08000d4d   Thumb Code    30  ftl.o(i.FTL_LBNToPBN)
    FTL_ReadSectors                          0x08000d71   Thumb Code   332  ftl.o(i.FTL_ReadSectors)
    FTL_UsedBlockMark                        0x08000ec1   Thumb Code    34  ftl.o(i.FTL_UsedBlockMark)
    FTL_WriteSectors                         0x08000ee9   Thumb Code   386  ftl.o(i.FTL_WriteSectors)
    Fan_Init                                 0x08001079   Thumb Code    94  mcu.o(i.Fan_Init)
    Fan_Monitor                              0x080010e1   Thumb Code    98  mcu.o(i.Fan_Monitor)
    HAL_DMAEx_MultiBufferStart_IT            0x08001151   Thumb Code  4028  stm32f7xx_hal_dma_ex.o(i.HAL_DMAEx_MultiBufferStart_IT)
    HAL_DMA_IRQHandler                       0x08002115   Thumb Code   570  stm32f7xx_hal_dma.o(i.HAL_DMA_IRQHandler)
    HAL_DMA_Init                             0x08002355   Thumb Code   232  stm32f7xx_hal_dma.o(i.HAL_DMA_Init)
    HAL_DMA_Start                            0x08002441   Thumb Code   102  stm32f7xx_hal_dma.o(i.HAL_DMA_Start)
    HAL_Delay                                0x080024a9   Thumb Code    36  stm32f7xx_hal.o(i.HAL_Delay)
    HAL_GPIO_EXTI_Callback                   0x08002645   Thumb Code    52  key.o(i.HAL_GPIO_EXTI_Callback)
    HAL_GPIO_EXTI_IRQHandler                 0x0800267d   Thumb Code    24  stm32f7xx_hal_gpio.o(i.HAL_GPIO_EXTI_IRQHandler)
    HAL_GPIO_Init                            0x08002699   Thumb Code   484  stm32f7xx_hal_gpio.o(i.HAL_GPIO_Init)
    HAL_GPIO_ReadPin                         0x080028b1   Thumb Code    16  stm32f7xx_hal_gpio.o(i.HAL_GPIO_ReadPin)
    HAL_GPIO_TogglePin                       0x080028c1   Thumb Code    16  stm32f7xx_hal_gpio.o(i.HAL_GPIO_TogglePin)
    HAL_GPIO_WritePin                        0x080028d1   Thumb Code    12  stm32f7xx_hal_gpio.o(i.HAL_GPIO_WritePin)
    HAL_GetTick                              0x080028dd   Thumb Code     6  stm32f7xx_hal.o(i.HAL_GetTick)
    HAL_IWDG_Init                            0x080028e9   Thumb Code    98  stm32f7xx_hal_iwdg.o(i.HAL_IWDG_Init)
    HAL_IWDG_Refresh                         0x0800294b   Thumb Code    14  stm32f7xx_hal_iwdg.o(i.HAL_IWDG_Refresh)
    HAL_IncTick                              0x08002959   Thumb Code    16  stm32f7xx_hal.o(i.HAL_IncTick)
    HAL_Init                                 0x08002971   Thumb Code    22  stm32f7xx_hal.o(i.HAL_Init)
    HAL_InitTick                             0x08002989   Thumb Code    64  stm32f7xx_hal.o(i.HAL_InitTick)
    HAL_MspInit                              0x080029d5   Thumb Code    60  stm32f7xx_hal_msp.o(i.HAL_MspInit)
    HAL_NVIC_EnableIRQ                       0x08002a15   Thumb Code    32  stm32f7xx_hal_cortex.o(i.HAL_NVIC_EnableIRQ)
    HAL_NVIC_SetPriority                     0x08002a35   Thumb Code   124  stm32f7xx_hal_cortex.o(i.HAL_NVIC_SetPriority)
    HAL_NVIC_SetPriorityGrouping             0x08002ab1   Thumb Code    32  stm32f7xx_hal_cortex.o(i.HAL_NVIC_SetPriorityGrouping)
    HAL_PWREx_EnableOverDrive                0x08002ad9   Thumb Code   136  stm32f7xx_hal_pwr_ex.o(i.HAL_PWREx_EnableOverDrive)
    HAL_PWR_EnableBkUpAccess                 0x08002b69   Thumb Code    14  stm32f7xx_hal_pwr.o(i.HAL_PWR_EnableBkUpAccess)
    HAL_RCCEx_PeriphCLKConfig                0x08002b7d   Thumb Code  1876  stm32f7xx_hal_rcc_ex.o(i.HAL_RCCEx_PeriphCLKConfig)
    HAL_RCC_CSSCallback                      0x080032d5   Thumb Code     2  stm32f7xx_hal_rcc.o(i.HAL_RCC_CSSCallback)
    HAL_RCC_ClockConfig                      0x080032d9   Thumb Code   384  stm32f7xx_hal_rcc.o(i.HAL_RCC_ClockConfig)
    HAL_RCC_EnableCSS                        0x0800346d   Thumb Code    14  stm32f7xx_hal_rcc.o(i.HAL_RCC_EnableCSS)
    HAL_RCC_GetHCLKFreq                      0x08003481   Thumb Code     6  stm32f7xx_hal_rcc.o(i.HAL_RCC_GetHCLKFreq)
    HAL_RCC_GetPCLK1Freq                     0x0800348d   Thumb Code    22  stm32f7xx_hal_rcc.o(i.HAL_RCC_GetPCLK1Freq)
    HAL_RCC_GetPCLK2Freq                     0x080034ad   Thumb Code    22  stm32f7xx_hal_rcc.o(i.HAL_RCC_GetPCLK2Freq)
    HAL_RCC_GetSysClockFreq                  0x080034cd   Thumb Code   162  stm32f7xx_hal_rcc.o(i.HAL_RCC_GetSysClockFreq)
    HAL_RCC_NMI_IRQHandler                   0x0800357d   Thumb Code    28  stm32f7xx_hal_rcc.o(i.HAL_RCC_NMI_IRQHandler)
    HAL_RCC_OscConfig                        0x0800359d   Thumb Code  1296  stm32f7xx_hal_rcc.o(i.HAL_RCC_OscConfig)
    HAL_SDRAM_Init                           0x08003ab1   Thumb Code    64  stm32f7xx_hal_sdram.o(i.HAL_SDRAM_Init)
    HAL_SDRAM_MspInit                        0x08003af1   Thumb Code    10  stm32f7xx_hal_msp.o(i.HAL_SDRAM_MspInit)
    HAL_SDRAM_SendCommand                    0x08003afb   Thumb Code    58  stm32f7xx_hal_sdram.o(i.HAL_SDRAM_SendCommand)
    HAL_SDRAM_SetAutoRefreshNumber           0x08003b35   Thumb Code    40  stm32f7xx_hal_sdram.o(i.HAL_SDRAM_SetAutoRefreshNumber)
    HAL_SYSTICK_CLKSourceConfig              0x08003b5d   Thumb Code    40  stm32f7xx_hal_cortex.o(i.HAL_SYSTICK_CLKSourceConfig)
    HAL_SYSTICK_Config                       0x08003b85   Thumb Code    52  stm32f7xx_hal_cortex.o(i.HAL_SYSTICK_Config)
    HAL_UART_EnableReceiverTimeout           0x08003bb9   Thumb Code    66  stm32f7xx_hal_uart.o(i.HAL_UART_EnableReceiverTimeout)
    HAL_UART_Init                            0x08003bfb   Thumb Code   116  stm32f7xx_hal_uart.o(i.HAL_UART_Init)
    HAL_UART_MspInit                         0x08003c71   Thumb Code   480  stm32f7xx_hal_msp.o(i.HAL_UART_MspInit)
    HAL_UART_ReceiverTimeout_Config          0x08003e6d   Thumb Code    16  stm32f7xx_hal_uart.o(i.HAL_UART_ReceiverTimeout_Config)
    HardFault_Handler                        0x08003e7d   Thumb Code     4  stm32f7xx_it.o(i.HardFault_Handler)
    I2C_LM75_Read                            0x08003e81   Thumb Code   142  myiic.o(i.I2C_LM75_Read)
    IIC_Ack                                  0x08003f11   Thumb Code    82  myiic.o(i.IIC_Ack)
    IIC_Init                                 0x08003f69   Thumb Code    82  myiic.o(i.IIC_Init)
    IIC_NAck                                 0x08003fc5   Thumb Code    82  myiic.o(i.IIC_NAck)
    IIC_Read_Byte                            0x0800401d   Thumb Code   106  myiic.o(i.IIC_Read_Byte)
    IIC_Send_Byte                            0x0800408d   Thumb Code   122  myiic.o(i.IIC_Send_Byte)
    IIC_Start                                0x0800410d   Thumb Code    82  myiic.o(i.IIC_Start)
    IIC_Stop                                 0x08004165   Thumb Code    80  myiic.o(i.IIC_Stop)
    IIC_Wait_Ack                             0x080041b9   Thumb Code   102  myiic.o(i.IIC_Wait_Ack)
    IWDG_Feed                                0x08004225   Thumb Code    10  iwdg.o(i.IWDG_Feed)
    IWDG_Init                                0x08004235   Thumb Code    30  iwdg.o(i.IWDG_Init)
    KEY_Init                                 0x0800425d   Thumb Code    86  key.o(i.KEY_Init)
    LED_Init                                 0x080042c1   Thumb Code   132  led.o(i.LED_Init)
    MTi_630_Init                             0x08004441   Thumb Code   146  mti_630.o(i.MTi_630_Init)
    MemManage_Handler                        0x080044e5   Thumb Code     4  stm32f7xx_it.o(i.MemManage_Handler)
    NAND_CopyPageWithWrite                   0x080044e9   Thumb Code   502  nand.o(i.NAND_CopyPageWithWrite)
    NAND_CopyPageWithoutWrite                0x080046f1   Thumb Code   180  nand.o(i.NAND_CopyPageWithoutWrite)
    NAND_Delay                               0x080047b1   Thumb Code    18  nand.o(i.NAND_Delay)
    NAND_ECC_Correction                      0x080047c3   Thumb Code   138  nand.o(i.NAND_ECC_Correction)
    NAND_ECC_Get_OE                          0x0800484d   Thumb Code    58  nand.o(i.NAND_ECC_Get_OE)
    NAND_EraseBlock                          0x08004889   Thumb Code    70  nand.o(i.NAND_EraseBlock)
    NAND_ReadPage                            0x080048e5   Thumb Code   526  nand.o(i.NAND_ReadPage)
    NAND_ReadPageComp                        0x08004b05   Thumb Code   134  nand.o(i.NAND_ReadPageComp)
    NAND_ReadSpare                           0x08004b95   Thumb Code    58  nand.o(i.NAND_ReadSpare)
    NAND_ReadStatus                          0x08004bd5   Thumb Code    74  nand.o(i.NAND_ReadStatus)
    NAND_WaitForReady                        0x08004c25   Thumb Code    50  nand.o(i.NAND_WaitForReady)
    NAND_WaitRB                              0x08004c5d   Thumb Code    56  nand.o(i.NAND_WaitRB)
    NAND_WritePage                           0x08004c99   Thumb Code   370  nand.o(i.NAND_WritePage)
    NAND_WritePageConst                      0x08004e1d   Thumb Code    92  nand.o(i.NAND_WritePageConst)
    NAND_WriteSpare                          0x08004e81   Thumb Code    58  nand.o(i.NAND_WriteSpare)
    NMI_Handler                              0x08004ec1   Thumb Code     8  stm32f7xx_it.o(i.NMI_Handler)
    PendSV_Handler                           0x08004ec9   Thumb Code     2  stm32f7xx_it.o(i.PendSV_Handler)
    SDRAM_FMC_Init                           0x08004fe5   Thumb Code   120  sdram.o(i.SDRAM_FMC_Init)
    SVC_Handler                              0x080050f1   Thumb Code     2  stm32f7xx_it.o(i.SVC_Handler)
    SysTick_Handler                          0x080050f3   Thumb Code     8  stm32f7xx_it.o(i.SysTick_Handler)
    Sys_Init                                 0x080050fd   Thumb Code    80  config.o(i.Sys_Init)
    SystemClock_Config                       0x08005155   Thumb Code   210  clock_init.o(i.SystemClock_Config)
    SystemInit                               0x08005231   Thumb Code    24  system_stm32f7xx.o(i.SystemInit)
    Test_Fuction                             0x0800524d   Thumb Code   136  main.o(i.Test_Fuction)
    UART4_IRQHandler                         0x08005301   Thumb Code   170  stm32f7xx_it.o(i.UART4_IRQHandler)
    UART5_IRQHandler                         0x08005495   Thumb Code   162  stm32f7xx_it.o(i.UART5_IRQHandler)
    UART5_SendData                           0x08005579   Thumb Code    18  debug_uart5.o(i.UART5_SendData)
    UARTSendData                             0x08005591   Thumb Code    66  config.o(i.UARTSendData)
    UART_AdvFeatureConfig                    0x080055d3   Thumb Code   248  stm32f7xx_hal_uart.o(i.UART_AdvFeatureConfig)
    UART_CheckIdleState                      0x080056cb   Thumb Code   110  stm32f7xx_hal_uart.o(i.UART_CheckIdleState)
    UART_SetConfig                           0x08005739   Thumb Code   886  stm32f7xx_hal_uart.o(i.UART_SetConfig)
    UART_WaitOnFlagUntilTimeout              0x08005ae1   Thumb Code   180  stm32f7xx_hal_uart.o(i.UART_WaitOnFlagUntilTimeout)
    USART1_IRQHandler                        0x08005b95   Thumb Code   186  stm32f7xx_it.o(i.USART1_IRQHandler)
    USART2_IRQHandler                        0x08005c69   Thumb Code   158  stm32f7xx_it.o(i.USART2_IRQHandler)
    USB2UART_Init                            0x08005ded   Thumb Code    84  usb2uart.o(i.USB2UART_Init)
    USB2UART_SendData                        0x08005e71   Thumb Code    18  usb2uart.o(i.USB2UART_SendData)
    UsageFault_Handler                       0x08005e89   Thumb Code     4  stm32f7xx_it.o(i.UsageFault_Handler)
    __0printf$5                              0x08005e8d   Thumb Code    22  printf5.o(i.__0printf$5)
    __1printf$5                              0x08005e8d   Thumb Code     0  printf5.o(i.__0printf$5)
    __2printf                                0x08005e8d   Thumb Code     0  printf5.o(i.__0printf$5)
    __scatterload_copy                       0x08005ee5   Thumb Code    14  handlers.o(i.__scatterload_copy)
    __scatterload_null                       0x08005ef3   Thumb Code     2  handlers.o(i.__scatterload_null)
    __scatterload_zeroinit                   0x08005ef5   Thumb Code    14  handlers.o(i.__scatterload_zeroinit)
    delay_init                               0x080061c5   Thumb Code    16  delay.o(i.delay_init)
    delay_us                                 0x080061d9   Thumb Code    68  delay.o(i.delay_us)
    fputc                                    0x08006221   Thumb Code    18  fputc.o(i.fputc)
    main                                     0x08006233   Thumb Code    24  main.o(i.main)
    AHBPrescTable                            0x08006252   Data          16  system_stm32f7xx.o(.constdata)
    APBPrescTable                            0x08006262   Data           8  system_stm32f7xx.o(.constdata)
    Region$$Table$$Base                      0x0800626c   Number         0  anon$$obj.o(Region$$Table)
    Region$$Table$$Limit                     0x0800628c   Number         0  anon$$obj.o(Region$$Table)
    mem2base                                 0x0c000100   Data       29605888  malloc.o(.ARM.__AT_0x0C000100)
    mem2mapbase                              0x0dc3c100   Data       1850368  malloc.o(.ARM.__AT_0x0DC3C100)
    buf                                      0x20000000   Data           4  main.o(.data)
    buf1                                     0x20000004   Data           4  main.o(.data)
    UART4RxEndFlag                           0x20000008   Data           1  stm32f7xx_it.o(.data)
    UART4RxLen                               0x2000000c   Data           4  stm32f7xx_it.o(.data)
    UART1RxEndFlag                           0x20000010   Data           1  stm32f7xx_it.o(.data)
    UART1RxLen                               0x20000014   Data           4  stm32f7xx_it.o(.data)
    UART5RxEndFlag                           0x20000018   Data           1  stm32f7xx_it.o(.data)
    UART5RxLen                               0x2000001c   Data           4  stm32f7xx_it.o(.data)
    MTi_630_aRxBuffer                        0x20000024   Data           4  mti_630.o(.data)
    MTi_630_flag                             0x20000028   Data           1  mti_630.o(.data)
    temprH                                   0x2000002c   Data           4  mcu.o(.data)
    temprL                                   0x20000030   Data           4  mcu.o(.data)
    Emerge_flag                              0x20000034   Data           1  mcu.o(.data)
    Under_Voltage_flag                       0x20000035   Data           1  mcu.o(.data)
    Over_Voltage_flag                        0x20000036   Data           1  mcu.o(.data)
    LBNNo                                    0x20000038   Data           4  ftl.o(.data)
    PBNNo                                    0x2000003c   Data           4  ftl.o(.data)
    uwTick                                   0x20000048   Data           4  stm32f7xx_hal.o(.data)
    uwTickPrio                               0x2000004c   Data           4  stm32f7xx_hal.o(.data)
    uwTickFreq                               0x20000050   Data           1  stm32f7xx_hal.o(.data)
    SystemCoreClock                          0x20000054   Data           4  system_stm32f7xx.o(.data)
    __stdout                                 0x20000058   Data           4  stdout.o(.data)
    buf2                                     0x2000005c   Data         512  main.o(.bss)
    aRxBuffer                                0x2000025c   Data         200  debug_uart5.o(.bss)
    huart5                                   0x20000324   Data         128  debug_uart5.o(.bss)
    hdma_uart5_tx                            0x200003a4   Data          96  debug_uart5.o(.bss)
    hdma_uart5_rx                            0x20000404   Data          96  debug_uart5.o(.bss)
    huart1                                   0x20000464   Data         128  dynamixelmotor.o(.bss)
    hdma_uart1_tx                            0x200004e4   Data          96  dynamixelmotor.o(.bss)
    hdma_uart1_rx                            0x20000544   Data          96  dynamixelmotor.o(.bss)
    huart4                                   0x200005a4   Data         128  usb2uart.o(.bss)
    hdma_uart4_tx                            0x20000624   Data          96  usb2uart.o(.bss)
    hdma_uart4_rx                            0x20000684   Data          96  usb2uart.o(.bss)
    huart2                                   0x200006e4   Data         128  mti_630.o(.bss)
    hdma_usart2_tx                           0x20000764   Data          96  mti_630.o(.bss)
    hdma_usart2_rx                           0x200007c4   Data          96  mti_630.o(.bss)
    hsdram1                                  0x20000824   Data          52  sdram.o(.bss)
    IWDG_Handler                             0x20000858   Data          16  iwdg.o(.bss)
    NAND_Handler                             0x20000868   Data          64  nand.o(.bss)
    nand_dev                                 0x200008a8   Data          92  nand.o(.bss)
    __initial_sp                             0x20001908   Data           0  startup_stm32f767xx.o(STACK)
    mem3mapbase                              0x2000f000   Data        3840  malloc.o(.ARM.__AT_0x2000F000)
    mem3base                                 0x20010000   Data       61440  malloc.o(.ARM.__AT_0x20010000)
    MTi_630_aRxBuffer0                       0xc0000000   Data         130  mti_630.o(.ARM.__AT_0xC0000000)
    MTi_630_aRxBuffer1                       0xc0000100   Data         130  mti_630.o(.ARM.__AT_0xC0000100)
    Send_Buffer                              0xc0000300   Data         500  dataframe.o(.ARM.__AT_0xC0000300)
    DXL_aRxBuffer                            0xc0000500   Data         400  dynamixelmotor.o(.ARM.__AT_0xC0000500)
    USB2UART_aRxBuffer0                      0xc0000700   Data         255  usb2uart.o(.ARM.__AT_0xC0000700)
    Motor_Buffer                             0xc0000900   Data         400  dataframe.o(.ARM.__AT_0xC0000900)



==============================================================================

Memory Map of the image

  Image Entry point : 0x080001f9

  Load Region LR_IROM1 (Base: 0x08000000, Size: 0x000062e8, Max: 0x00100000, ABSOLUTE)

    Execution Region ER_IROM1 (Base: 0x08000000, Size: 0x0000628c, Max: 0x00100000, ABSOLUTE)

    Base Addr    Size         Type   Attr      Idx    E Section Name        Object

    0x08000000   0x000001f8   Data   RO            3    RESET               startup_stm32f767xx.o
    0x080001f8   0x00000000   Code   RO         4366  * .ARM.Collect$$$$00000000  mc_w.l(entry.o)
    0x080001f8   0x00000004   Code   RO         4666    .ARM.Collect$$$$00000001  mc_w.l(entry2.o)
    0x080001fc   0x00000004   Code   RO         4669    .ARM.Collect$$$$00000004  mc_w.l(entry5.o)
    0x08000200   0x00000000   Code   RO         4671    .ARM.Collect$$$$00000008  mc_w.l(entry7b.o)
    0x08000200   0x00000000   Code   RO         4673    .ARM.Collect$$$$0000000A  mc_w.l(entry8b.o)
    0x08000200   0x00000008   Code   RO         4674    .ARM.Collect$$$$0000000B  mc_w.l(entry9a.o)
    0x08000208   0x00000000   Code   RO         4676    .ARM.Collect$$$$0000000D  mc_w.l(entry10a.o)
    0x08000208   0x00000000   Code   RO         4678    .ARM.Collect$$$$0000000F  mc_w.l(entry11a.o)
    0x08000208   0x00000004   Code   RO         4667    .ARM.Collect$$$$00002712  mc_w.l(entry2.o)
    0x0800020c   0x00000024   Code   RO            4    .text               startup_stm32f767xx.o
    0x08000230   0x00000062   Code   RO         4369    .text               mc_w.l(uldiv.o)
    0x08000292   0x00000024   Code   RO         4373    .text               mc_w.l(memseta.o)
    0x080002b6   0x0000001e   Code   RO         4685    .text               mc_w.l(llshl.o)
    0x080002d4   0x00000020   Code   RO         4687    .text               mc_w.l(llushr.o)
    0x080002f4   0x00000024   Code   RO         4702    .text               mc_w.l(init.o)
    0x08000318   0x00000000   Code   RO         4704    .text               mc_w.l(semi.o)
    0x08000318   0x00000000   Code   RO         4707    .text               mc_w.l(iusesemip.o)
    0x08000318   0x00000048   Code   RO         1017    i.Battery_Protect   mcu.o
    0x08000360   0x00000004   Code   RO          231    i.BusFault_Handler  stm32f7xx_it.o
    0x08000364   0x0000001c   Code   RO          598    i.Cache_Enalble     config.o
    0x08000380   0x000000dc   Code   RO          232    i.DMA1_Stream5_IRQHandler  stm32f7xx_it.o
    0x0800045c   0x00000010   Code   RO          233    i.DMA1_Stream6_IRQHandler  stm32f7xx_it.o
    0x0800046c   0x00000034   Code   RO         2690    i.DMA_CalcBaseAndBitshift  stm32f7xx_hal_dma.o
    0x080004a0   0x000000aa   Code   RO         2691    i.DMA_CheckFifoParam  stm32f7xx_hal_dma.o
    0x0800054a   0x00000020   Code   RO         2796    i.DMA_MultiBufferSetConfig  stm32f7xx_hal_dma_ex.o
    0x0800056a   0x0000002c   Code   RO         2692    i.DMA_SetConfig     stm32f7xx_hal_dma.o
    0x08000596   0x00000002   PAD
    0x08000598   0x000000b4   Code   RO          539    i.DXLMotor_Init     dynamixelmotor.o
    0x0800064c   0x00000014   Code   RO          540    i.DXL_DIR           dynamixelmotor.o
    0x08000660   0x000000dc   Code   RO          541    i.DXL_DMA_Init      dynamixelmotor.o
    0x0800073c   0x00000028   Code   RO          543    i.DXL_ReceiverTimeoutInit  dynamixelmotor.o
    0x08000764   0x00000034   Code   RO          544    i.DXL_SendData      dynamixelmotor.o
    0x08000798   0x00000002   Code   RO          234    i.DebugMon_Handler  stm32f7xx_it.o
    0x0800079a   0x00000002   PAD
    0x0800079c   0x00000058   Code   RO          427    i.Debug_UART5_Init  debug_uart5.o
    0x080007f4   0x00000014   Code   RO          235    i.EXTI15_10_IRQHandler  stm32f7xx_it.o
    0x08000808   0x0000004c   Code   RO         1019    i.Emerge_Stop_Monitor  mcu.o
    0x08000854   0x00000002   Code   RO          599    i.Error_Handler     config.o
    0x08000856   0x00000074   Code   RO         4035    i.FMC_SDRAM_Init    stm32f7xx_ll_fmc.o
    0x080008ca   0x00000026   Code   RO         4037    i.FMC_SDRAM_SendCommand  stm32f7xx_ll_fmc.o
    0x080008f0   0x0000000e   Code   RO         4038    i.FMC_SDRAM_SetAutoRefreshNumber  stm32f7xx_ll_fmc.o
    0x080008fe   0x00000002   PAD
    0x08000900   0x0000009c   Code   RO         4039    i.FMC_SDRAM_Timing_Init  stm32f7xx_ll_fmc.o
    0x0800099c   0x00000034   Code   RO         1160    i.FTL_BadBlockMark  ftl.o
    0x080009d0   0x000000ec   Code   RO         1161    i.FTL_BlockCompare  ftl.o
    0x08000abc   0x0000010c   Code   RO         1163    i.FTL_CopyAndWriteToBlock  ftl.o
    0x08000bc8   0x000000cc   Code   RO         1164    i.FTL_CreateLUT     ftl.o
    0x08000c94   0x00000070   Code   RO         1165    i.FTL_FindSamePlaneUnusedBlock  ftl.o
    0x08000d04   0x00000048   Code   RO         1166    i.FTL_FindUnusedBlock  ftl.o
    0x08000d4c   0x00000024   Code   RO         1169    i.FTL_LBNToPBN      ftl.o
    0x08000d70   0x00000150   Code   RO         1170    i.FTL_ReadSectors   ftl.o
    0x08000ec0   0x00000028   Code   RO         1172    i.FTL_UsedBlockMark  ftl.o
    0x08000ee8   0x00000190   Code   RO         1173    i.FTL_WriteSectors  ftl.o
    0x08001078   0x00000068   Code   RO         1020    i.Fan_Init          mcu.o
    0x080010e0   0x00000070   Code   RO         1021    i.Fan_Monitor       mcu.o
    0x08001150   0x00000fc4   Code   RO         2799    i.HAL_DMAEx_MultiBufferStart_IT  stm32f7xx_hal_dma_ex.o
    0x08002114   0x00000240   Code   RO         2698    i.HAL_DMA_IRQHandler  stm32f7xx_hal_dma.o
    0x08002354   0x000000ec   Code   RO         2699    i.HAL_DMA_Init      stm32f7xx_hal_dma.o
    0x08002440   0x00000066   Code   RO         2702    i.HAL_DMA_Start     stm32f7xx_hal_dma.o
    0x080024a6   0x00000002   PAD
    0x080024a8   0x00000028   Code   RO         3060    i.HAL_Delay         stm32f7xx_hal.o
    0x080024d0   0x00000174   Code   RO          351    i.HAL_FMC_MspInit   stm32f7xx_hal_msp.o
    0x08002644   0x00000038   Code   RO          500    i.HAL_GPIO_EXTI_Callback  key.o
    0x0800267c   0x0000001c   Code   RO         2626    i.HAL_GPIO_EXTI_IRQHandler  stm32f7xx_hal_gpio.o
    0x08002698   0x00000218   Code   RO         2627    i.HAL_GPIO_Init     stm32f7xx_hal_gpio.o
    0x080028b0   0x00000010   Code   RO         2629    i.HAL_GPIO_ReadPin  stm32f7xx_hal_gpio.o
    0x080028c0   0x00000010   Code   RO         2630    i.HAL_GPIO_TogglePin  stm32f7xx_hal_gpio.o
    0x080028d0   0x0000000c   Code   RO         2631    i.HAL_GPIO_WritePin  stm32f7xx_hal_gpio.o
    0x080028dc   0x0000000c   Code   RO         3070    i.HAL_GetTick       stm32f7xx_hal.o
    0x080028e8   0x00000062   Code   RO         3834    i.HAL_IWDG_Init     stm32f7xx_hal_iwdg.o
    0x0800294a   0x0000000e   Code   RO         3835    i.HAL_IWDG_Refresh  stm32f7xx_hal_iwdg.o
    0x08002958   0x00000018   Code   RO         3076    i.HAL_IncTick       stm32f7xx_hal.o
    0x08002970   0x00000016   Code   RO         3077    i.HAL_Init          stm32f7xx_hal.o
    0x08002986   0x00000002   PAD
    0x08002988   0x0000004c   Code   RO         3078    i.HAL_InitTick      stm32f7xx_hal.o
    0x080029d4   0x00000040   Code   RO          352    i.HAL_MspInit       stm32f7xx_hal_msp.o
    0x08002a14   0x00000020   Code   RO         1614    i.HAL_NVIC_EnableIRQ  stm32f7xx_hal_cortex.o
    0x08002a34   0x0000007c   Code   RO         1620    i.HAL_NVIC_SetPriority  stm32f7xx_hal_cortex.o
    0x08002ab0   0x00000028   Code   RO         1621    i.HAL_NVIC_SetPriorityGrouping  stm32f7xx_hal_cortex.o
    0x08002ad8   0x00000090   Code   RO         2967    i.HAL_PWREx_EnableOverDrive  stm32f7xx_hal_pwr_ex.o
    0x08002b68   0x00000014   Code   RO         2844    i.HAL_PWR_EnableBkUpAccess  stm32f7xx_hal_pwr.o
    0x08002b7c   0x00000758   Code   RO         2343    i.HAL_RCCEx_PeriphCLKConfig  stm32f7xx_hal_rcc_ex.o
    0x080032d4   0x00000002   Code   RO         2235    i.HAL_RCC_CSSCallback  stm32f7xx_hal_rcc.o
    0x080032d6   0x00000002   PAD
    0x080032d8   0x00000194   Code   RO         2236    i.HAL_RCC_ClockConfig  stm32f7xx_hal_rcc.o
    0x0800346c   0x00000014   Code   RO         2239    i.HAL_RCC_EnableCSS  stm32f7xx_hal_rcc.o
    0x08003480   0x0000000c   Code   RO         2241    i.HAL_RCC_GetHCLKFreq  stm32f7xx_hal_rcc.o
    0x0800348c   0x00000020   Code   RO         2243    i.HAL_RCC_GetPCLK1Freq  stm32f7xx_hal_rcc.o
    0x080034ac   0x00000020   Code   RO         2244    i.HAL_RCC_GetPCLK2Freq  stm32f7xx_hal_rcc.o
    0x080034cc   0x000000b0   Code   RO         2245    i.HAL_RCC_GetSysClockFreq  stm32f7xx_hal_rcc.o
    0x0800357c   0x00000020   Code   RO         2247    i.HAL_RCC_NMI_IRQHandler  stm32f7xx_hal_rcc.o
    0x0800359c   0x00000514   Code   RO         2248    i.HAL_RCC_OscConfig  stm32f7xx_hal_rcc.o
    0x08003ab0   0x00000040   Code   RO         3870    i.HAL_SDRAM_Init    stm32f7xx_hal_sdram.o
    0x08003af0   0x0000000a   Code   RO          353    i.HAL_SDRAM_MspInit  stm32f7xx_hal_msp.o
    0x08003afa   0x0000003a   Code   RO         3879    i.HAL_SDRAM_SendCommand  stm32f7xx_hal_sdram.o
    0x08003b34   0x00000028   Code   RO         3880    i.HAL_SDRAM_SetAutoRefreshNumber  stm32f7xx_hal_sdram.o
    0x08003b5c   0x00000028   Code   RO         1623    i.HAL_SYSTICK_CLKSourceConfig  stm32f7xx_hal_cortex.o
    0x08003b84   0x00000034   Code   RO         1625    i.HAL_SYSTICK_Config  stm32f7xx_hal_cortex.o
    0x08003bb8   0x00000042   Code   RO         1809    i.HAL_UART_EnableReceiverTimeout  stm32f7xx_hal_uart.o
    0x08003bfa   0x00000074   Code   RO         1814    i.HAL_UART_Init     stm32f7xx_hal_uart.o
    0x08003c6e   0x00000002   PAD
    0x08003c70   0x000001fc   Code   RO          355    i.HAL_UART_MspInit  stm32f7xx_hal_msp.o
    0x08003e6c   0x00000010   Code   RO         1820    i.HAL_UART_ReceiverTimeout_Config  stm32f7xx_hal_uart.o
    0x08003e7c   0x00000004   Code   RO          236    i.HardFault_Handler  stm32f7xx_it.o
    0x08003e80   0x0000008e   Code   RO         1492    i.I2C_LM75_Read     myiic.o
    0x08003f0e   0x00000002   PAD
    0x08003f10   0x00000058   Code   RO         1493    i.IIC_Ack           myiic.o
    0x08003f68   0x0000005c   Code   RO         1494    i.IIC_Init          myiic.o
    0x08003fc4   0x00000058   Code   RO         1495    i.IIC_NAck          myiic.o
    0x0800401c   0x00000070   Code   RO         1496    i.IIC_Read_Byte     myiic.o
    0x0800408c   0x00000080   Code   RO         1497    i.IIC_Send_Byte     myiic.o
    0x0800410c   0x00000058   Code   RO         1498    i.IIC_Start         myiic.o
    0x08004164   0x00000054   Code   RO         1499    i.IIC_Stop          myiic.o
    0x080041b8   0x0000006c   Code   RO         1500    i.IIC_Wait_Ack      myiic.o
    0x08004224   0x00000010   Code   RO          980    i.IWDG_Feed         iwdg.o
    0x08004234   0x00000028   Code   RO          981    i.IWDG_Init         iwdg.o
    0x0800425c   0x00000064   Code   RO          501    i.KEY_Init          key.o
    0x080042c0   0x0000008c   Code   RO          473    i.LED_Init          led.o
    0x0800434c   0x000000f4   Code   RO          711    i.MTi_630_DMA_Init  mti_630.o
    0x08004440   0x000000a4   Code   RO          712    i.MTi_630_Init      mti_630.o
    0x080044e4   0x00000004   Code   RO          237    i.MemManage_Handler  stm32f7xx_it.o
    0x080044e8   0x00000208   Code   RO         1273    i.NAND_CopyPageWithWrite  nand.o
    0x080046f0   0x000000c0   Code   RO         1274    i.NAND_CopyPageWithoutWrite  nand.o
    0x080047b0   0x00000012   Code   RO         1275    i.NAND_Delay        nand.o
    0x080047c2   0x0000008a   Code   RO         1276    i.NAND_ECC_Correction  nand.o
    0x0800484c   0x0000003a   Code   RO         1277    i.NAND_ECC_Get_OE   nand.o
    0x08004886   0x00000002   PAD
    0x08004888   0x0000005c   Code   RO         1278    i.NAND_EraseBlock   nand.o
    0x080048e4   0x00000220   Code   RO         1284    i.NAND_ReadPage     nand.o
    0x08004b04   0x00000090   Code   RO         1285    i.NAND_ReadPageComp  nand.o
    0x08004b94   0x00000040   Code   RO         1286    i.NAND_ReadSpare    nand.o
    0x08004bd4   0x00000050   Code   RO         1287    i.NAND_ReadStatus   nand.o
    0x08004c24   0x00000038   Code   RO         1289    i.NAND_WaitForReady  nand.o
    0x08004c5c   0x0000003c   Code   RO         1290    i.NAND_WaitRB       nand.o
    0x08004c98   0x00000184   Code   RO         1291    i.NAND_WritePage    nand.o
    0x08004e1c   0x00000064   Code   RO         1292    i.NAND_WritePageConst  nand.o
    0x08004e80   0x00000040   Code   RO         1293    i.NAND_WriteSpare   nand.o
    0x08004ec0   0x00000008   Code   RO          238    i.NMI_Handler       stm32f7xx_it.o
    0x08004ec8   0x00000002   Code   RO          239    i.PendSV_Handler    stm32f7xx_it.o
    0x08004eca   0x00000002   PAD
    0x08004ecc   0x0000009c   Code   RO          601    i.SCB_EnableDCache  config.o
    0x08004f68   0x0000007c   Code   RO          602    i.SCB_EnableICache  config.o
    0x08004fe4   0x00000080   Code   RO          940    i.SDRAM_FMC_Init    sdram.o
    0x08005064   0x00000044   Code   RO          941    i.SDRAM_Initialization_Sequence  sdram.o
    0x080050a8   0x00000048   Code   RO          942    i.SDRAM_Send_Cmd    sdram.o
    0x080050f0   0x00000002   Code   RO          240    i.SVC_Handler       stm32f7xx_it.o
    0x080050f2   0x00000008   Code   RO          241    i.SysTick_Handler   stm32f7xx_it.o
    0x080050fa   0x00000002   PAD
    0x080050fc   0x00000058   Code   RO          603    i.Sys_Init          config.o
    0x08005154   0x000000dc   Code   RO          400    i.SystemClock_Config  clock_init.o
    0x08005230   0x0000001c   Code   RO         4333    i.SystemInit        system_stm32f7xx.o
    0x0800524c   0x000000b4   Code   RO           13    i.Test_Fuction      main.o
    0x08005300   0x000000c4   Code   RO          242    i.UART4_IRQHandler  stm32f7xx_it.o
    0x080053c4   0x000000d0   Code   RO          428    i.UART5_DMA_Init    debug_uart5.o
    0x08005494   0x000000bc   Code   RO          243    i.UART5_IRQHandler  stm32f7xx_it.o
    0x08005550   0x00000028   Code   RO          429    i.UART5_ReceiverTimeoutInit  debug_uart5.o
    0x08005578   0x00000018   Code   RO          430    i.UART5_SendData    debug_uart5.o
    0x08005590   0x00000042   Code   RO          604    i.UARTSendData      config.o
    0x080055d2   0x000000f8   Code   RO         1828    i.UART_AdvFeatureConfig  stm32f7xx_hal_uart.o
    0x080056ca   0x0000006e   Code   RO         1829    i.UART_CheckIdleState  stm32f7xx_hal_uart.o
    0x08005738   0x000003a8   Code   RO         1845    i.UART_SetConfig    stm32f7xx_hal_uart.o
    0x08005ae0   0x000000b4   Code   RO         1848    i.UART_WaitOnFlagUntilTimeout  stm32f7xx_hal_uart.o
    0x08005b94   0x000000d4   Code   RO          244    i.USART1_IRQHandler  stm32f7xx_it.o
    0x08005c68   0x000000b4   Code   RO          245    i.USART2_IRQHandler  stm32f7xx_it.o
    0x08005d1c   0x000000d0   Code   RO          663    i.USB2UART_DMA_Init  usb2uart.o
    0x08005dec   0x0000005c   Code   RO          664    i.USB2UART_Init     usb2uart.o
    0x08005e48   0x00000028   Code   RO          665    i.USB2UART_ReceiverTimeoutInit  usb2uart.o
    0x08005e70   0x00000018   Code   RO          666    i.USB2UART_SendData  usb2uart.o
    0x08005e88   0x00000004   Code   RO          246    i.UsageFault_Handler  stm32f7xx_it.o
    0x08005e8c   0x00000020   Code   RO         4510    i.__0printf$5       mc_w.l(printf5.o)
    0x08005eac   0x00000010   Code   RO         1627    i.__NVIC_GetPriorityGrouping  stm32f7xx_hal_cortex.o
    0x08005ebc   0x00000028   Code   RO         1628    i.__NVIC_SetPriority  stm32f7xx_hal_cortex.o
    0x08005ee4   0x0000000e   Code   RO         4712    i.__scatterload_copy  mc_w.l(handlers.o)
    0x08005ef2   0x00000002   Code   RO         4713    i.__scatterload_null  mc_w.l(handlers.o)
    0x08005ef4   0x0000000e   Code   RO         4714    i.__scatterload_zeroinit  mc_w.l(handlers.o)
    0x08005f02   0x00000002   PAD
    0x08005f04   0x000002c0   Code   RO         4517    i._printf_core      mc_w.l(printf5.o)
    0x080061c4   0x00000014   Code   RO         1568    i.delay_init        delay.o
    0x080061d8   0x00000048   Code   RO         1570    i.delay_us          delay.o
    0x08006220   0x00000012   Code   RO         4680    i.fputc             mc_w.l(fputc.o)
    0x08006232   0x00000018   Code   RO           14    i.main              main.o
    0x0800624a   0x00000008   Data   RO         2705    .constdata          stm32f7xx_hal_dma.o
    0x08006252   0x00000018   Data   RO         4334    .constdata          system_stm32f7xx.o
    0x0800626a   0x00000002   PAD
    0x0800626c   0x00000020   Data   RO         4710    Region$$Table       anon$$obj.o


    Execution Region RW_IRAM1 (Base: 0x20000000, Size: 0x0001f000, Max: 0x00080000, ABSOLUTE)

    Base Addr    Size         Type   Attr      Idx    E Section Name        Object

    0x20000000   0x00000008   Data   RW           16    .data               main.o
    0x20000008   0x00000018   Data   RW          247    .data               stm32f7xx_it.o
    0x20000020   0x00000004   Data   RW          356    .data               stm32f7xx_hal_msp.o
    0x20000024   0x00000005   Data   RW          718    .data               mti_630.o
    0x20000029   0x00000003   PAD
    0x2000002c   0x0000000b   Data   RW         1022    .data               mcu.o
    0x20000037   0x00000001   PAD
    0x20000038   0x0000000c   Data   RW         1174    .data               ftl.o
    0x20000044   0x00000004   Data   RW         1571    .data               delay.o
    0x20000048   0x00000009   Data   RW         3084    .data               stm32f7xx_hal.o
    0x20000051   0x00000003   PAD
    0x20000054   0x00000004   Data   RW         4335    .data               system_stm32f7xx.o
    0x20000058   0x00000004   Data   RW         4682    .data               mc_w.l(stdout.o)
    0x2000005c   0x00000200   Zero   RW           15    .bss                main.o
    0x2000025c   0x00000208   Zero   RW          431    .bss                debug_uart5.o
    0x20000464   0x00000140   Zero   RW          546    .bss                dynamixelmotor.o
    0x200005a4   0x00000140   Zero   RW          668    .bss                usb2uart.o
    0x200006e4   0x00000140   Zero   RW          717    .bss                mti_630.o
    0x20000824   0x00000034   Zero   RW          943    .bss                sdram.o
    0x20000858   0x00000010   Zero   RW          982    .bss                iwdg.o
    0x20000868   0x0000009c   Zero   RW         1294    .bss                nand.o
    0x20000904   0x00000004   PAD
    0x20000908   0x00001000   Zero   RW            1    STACK               startup_stm32f767xx.o
    0x20001908   0x0000d6f8   PAD
    0x2000f000   0x00000f00   Zero   RW         1087    .ARM.__AT_0x2000F000  malloc.o
    0x2000ff00   0x00000100   PAD
    0x20010000   0x0000f000   Zero   RW         1088    .ARM.__AT_0x20010000  malloc.o



  Load Region LR$$.ARM.__AT_0x0C000100 (Base: 0x0c000100, Size: 0x00000000, Max: 0x01c3c000, ABSOLUTE)

    Execution Region ER$$.ARM.__AT_0x0C000100 (Base: 0x0c000100, Size: 0x01c3c000, Max: 0x01c3c000, ABSOLUTE, UNINIT)

    Base Addr    Size         Type   Attr      Idx    E Section Name        Object

    0x0c000100   0x01c3c000   Zero   RW         1085    .ARM.__AT_0x0C000100  malloc.o



  Load Region LR$$.ARM.__AT_0x0DC3C100 (Base: 0x0dc3c100, Size: 0x00000000, Max: 0x001c3c00, ABSOLUTE)

    Execution Region ER$$.ARM.__AT_0x0DC3C100 (Base: 0x0dc3c100, Size: 0x001c3c00, Max: 0x001c3c00, ABSOLUTE, UNINIT)

    Base Addr    Size         Type   Attr      Idx    E Section Name        Object

    0x0dc3c100   0x001c3c00   Zero   RW         1086    .ARM.__AT_0x0DC3C100  malloc.o



  Load Region LR$$.ARM.__AT_0xC0000000 (Base: 0xc0000000, Size: 0x00000000, Max: 0x00000084, ABSOLUTE)

    Execution Region ER$$.ARM.__AT_0xC0000000 (Base: 0xc0000000, Size: 0x00000084, Max: 0x00000084, ABSOLUTE, UNINIT)

    Base Addr    Size         Type   Attr      Idx    E Section Name        Object

    0xc0000000   0x00000082   Zero   RW          715    .ARM.__AT_0xC0000000  mti_630.o



  Load Region LR$$.ARM.__AT_0xC0000100 (Base: 0xc0000100, Size: 0x00000000, Max: 0x00000084, ABSOLUTE)

    Execution Region ER$$.ARM.__AT_0xC0000100 (Base: 0xc0000100, Size: 0x00000084, Max: 0x00000084, ABSOLUTE, UNINIT)

    Base Addr    Size         Type   Attr      Idx    E Section Name        Object

    0xc0000100   0x00000082   Zero   RW          716    .ARM.__AT_0xC0000100  mti_630.o



  Load Region LR$$.ARM.__AT_0xC0000300 (Base: 0xc0000300, Size: 0x00000000, Max: 0x000001f4, ABSOLUTE)

    Execution Region ER$$.ARM.__AT_0xC0000300 (Base: 0xc0000300, Size: 0x000001f4, Max: 0x000001f4, ABSOLUTE, UNINIT)

    Base Addr    Size         Type   Attr      Idx    E Section Name        Object

    0xc0000300   0x000001f4   Zero   RW          877    .ARM.__AT_0xC0000300  dataframe.o



  Load Region LR$$.ARM.__AT_0xC0000500 (Base: 0xc0000500, Size: 0x00000000, Max: 0x00000190, ABSOLUTE)

    Execution Region ER$$.ARM.__AT_0xC0000500 (Base: 0xc0000500, Size: 0x00000190, Max: 0x00000190, ABSOLUTE, UNINIT)

    Base Addr    Size         Type   Attr      Idx    E Section Name        Object

    0xc0000500   0x00000190   Zero   RW          545    .ARM.__AT_0xC0000500  dynamixelmotor.o



  Load Region LR$$.ARM.__AT_0xC0000700 (Base: 0xc0000700, Size: 0x00000000, Max: 0x00000100, ABSOLUTE)

    Execution Region ER$$.ARM.__AT_0xC0000700 (Base: 0xc0000700, Size: 0x00000100, Max: 0x00000100, ABSOLUTE, UNINIT)

    Base Addr    Size         Type   Attr      Idx    E Section Name        Object

    0xc0000700   0x000000ff   Zero   RW          667    .ARM.__AT_0xC0000700  usb2uart.o



  Load Region LR$$.ARM.__AT_0xC0000900 (Base: 0xc0000900, Size: 0x00000000, Max: 0x00000190, ABSOLUTE)

    Execution Region ER$$.ARM.__AT_0xC0000900 (Base: 0xc0000900, Size: 0x00000190, Max: 0x00000190, ABSOLUTE, UNINIT)

    Base Addr    Size         Type   Attr      Idx    E Section Name        Object

    0xc0000900   0x00000190   Zero   RW          878    .ARM.__AT_0xC0000900  dataframe.o


==============================================================================

Image component sizes


      Code (inc. data)   RO Data    RW Data    ZI Data      Debug   Object Name

       220         10          0          0          0       1057   clock_init.o
       464         28          0          0          0      38425   config.o
         0          0          0          0        900       1252   dataframe.o
       360         46          0          0        520       2847   debug_uart5.o
        92          8          0          4          0       1280   delay.o
       512         58          0          0        720       4572   dynamixelmotor.o
      1756         86          0         12          0       8911   ftl.o
        56         16          0          0         16       1171   iwdg.o
       156         18          0          0          0       1344   key.o
       140          8          0          0          0        847   led.o
       204         44          0          8        512     855602   main.o
         0          0          0          0   31521536       1658   malloc.o
       364         52          0         11          0       2770   mcu.o
       408         46          0          5        580       1979   mti_630.o
       930         50          0          0          0       5166   myiic.o
      2518        134          0          0        156      13995   nand.o
       268         12          0          0         52       2343   sdram.o
        36          8        504          0       4096        812   startup_stm32f767xx.o
       174         30          0          9          0       8973   stm32f7xx_hal.o
       344         22          0          0          0      39837   stm32f7xx_hal_cortex.o
      1180         16          8          0          0       5320   stm32f7xx_hal_dma.o
      4068         34          0          0          0       4148   stm32f7xx_hal_dma_ex.o
       608         56          0          0          0       4203   stm32f7xx_hal_gpio.o
       112          0          0          0          0       1683   stm32f7xx_hal_iwdg.o
       954         60          0          4          0       3429   stm32f7xx_hal_msp.o
        20          6          0          0          0        523   stm32f7xx_hal_pwr.o
       144          8          0          0          0       1224   stm32f7xx_hal_pwr_ex.o
      2010         84          0          0          0       6987   stm32f7xx_hal_rcc.o
      1880         16          0          0          0       2184   stm32f7xx_hal_rcc_ex.o
       162          0          0          0          0       2638   stm32f7xx_hal_sdram.o
      1672         70          0          0          0       6008   stm32f7xx_hal_uart.o
      1070        132          0         24          0       8559   stm32f7xx_it.o
       324          4          0          0          0       3278   stm32f7xx_ll_fmc.o
        28          4         24          4          0       1059   system_stm32f7xx.o
       364         44          0          0        575       2790   usb2uart.o

    ----------------------------------------------------------------------
     23620       1210        570         88   31584960    1048874   Object Totals
         0          0         32          0          0          0   (incl. Generated)
        22          0          2          7      55297          0   (incl. Padding)

    ----------------------------------------------------------------------

      Code (inc. data)   RO Data    RW Data    ZI Data      Debug   Library Member Name

         0          0          0          0          0          0   entry.o
         0          0          0          0          0          0   entry10a.o
         0          0          0          0          0          0   entry11a.o
         8          4          0          0          0          0   entry2.o
         4          0          0          0          0          0   entry5.o
         0          0          0          0          0          0   entry7b.o
         0          0          0          0          0          0   entry8b.o
         8          4          0          0          0          0   entry9a.o
        18          0          0          0          0         80   fputc.o
        30          0          0          0          0          0   handlers.o
        36          8          0          0          0         68   init.o
         0          0          0          0          0          0   iusesemip.o
        30          0          0          0          0         68   llshl.o
        32          0          0          0          0         68   llushr.o
        36          0          0          0          0        108   memseta.o
       736         56          0          0          0        184   printf5.o
         0          0          0          0          0          0   semi.o
         0          0          0          4          0          0   stdout.o
        98          0          0          0          0         92   uldiv.o

    ----------------------------------------------------------------------
      1038         72          0          4          0        668   Library Totals
         2          0          0          0          0          0   (incl. Padding)

    ----------------------------------------------------------------------

      Code (inc. data)   RO Data    RW Data    ZI Data      Debug   Library Name

      1036         72          0          4          0        668   mc_w.l

    ----------------------------------------------------------------------
      1038         72          0          4          0        668   Library Totals

    ----------------------------------------------------------------------

==============================================================================


      Code (inc. data)   RO Data    RW Data    ZI Data      Debug   

     24658       1282        570         92   31584960    1035686   Grand Totals
     24658       1282        570         92   31584960    1035686   ELF Image Totals
     24658       1282        570         92          0          0   ROM Totals

==============================================================================

    Total RO  Size (Code + RO Data)                25228 (  24.64kB)
    Total RW  Size (RW Data + ZI Data)          31585052 (30844.78kB)
    Total ROM Size (Code + RO Data + RW Data)      25320 (  24.73kB)

==============================================================================

